[0.063s] [34mcolcon[0m [1;30mDEBUG[0m [32mCommand line arguments: ['/usr/bin/colcon', 'build'][0m
[0.063s] [34mcolcon[0m [1;30mDEBUG[0m [32mParsed command line arguments: Namespace(log_base=None, log_level=None, verb_name='build', build_base='build', install_base='install', merge_install=False, symlink_install=False, test_result_base=None, continue_on_error=False, executor='parallel', parallel_workers=20, event_handlers=None, ignore_user_meta=False, metas=['./colcon.meta'], base_paths=['.'], packages_ignore=None, packages_ignore_regex=None, paths=None, packages_up_to=None, packages_up_to_regex=None, packages_above=None, packages_above_and_dependencies=None, packages_above_depth=None, packages_select_by_dep=None, packages_skip_by_dep=None, packages_skip_up_to=None, packages_select_build_failed=False, packages_skip_build_finished=False, packages_select_test_failures=False, packages_skip_test_passed=False, packages_select=None, packages_skip=None, packages_select_regex=None, packages_skip_regex=None, packages_start=None, packages_end=None, allow_overriding=[], cmake_args=None, cmake_target=None, cmake_target_skip_unavailable=False, cmake_clean_cache=False, cmake_clean_first=False, cmake_force_configure=False, ament_cmake_args=None, catkin_cmake_args=None, catkin_skip_building_tests=False, verb_parser=<colcon_defaults.argument_parser.defaults.DefaultArgumentsDecorator object at 0x7fb60902e890>, verb_extension=<colcon_core.verb.build.BuildVerb object at 0x7fb60902e410>, main=<bound method BuildVerb.main of <colcon_core.verb.build.BuildVerb object at 0x7fb60902e410>>)[0m
[0.147s] [34mcolcon.colcon_core.package_discovery[0m [1;30mLevel 1[0m discover_packages(colcon_meta) check parameters
[0.148s] [34mcolcon.colcon_core.package_discovery[0m [1;30mLevel 1[0m discover_packages(recursive) check parameters
[0.148s] [34mcolcon.colcon_core.package_discovery[0m [1;30mLevel 1[0m discover_packages(ignore) check parameters
[0.148s] [34mcolcon.colcon_core.package_discovery[0m [1;30mLevel 1[0m discover_packages(path) check parameters
[0.148s] [34mcolcon.colcon_core.package_discovery[0m [1;30mLevel 1[0m discover_packages(colcon_meta) discover
[0.148s] [34mcolcon.colcon_core.package_discovery[0m [1;30mLevel 1[0m discover_packages(recursive) discover
[0.148s] [34mcolcon.colcon_core.package_discovery[0m [1;30mINFO[0m Crawling recursively for packages in '/home/zzl/qirui/robot/carto_slam_ws'
[0.148s] [34mcolcon.colcon_core.package_identification[0m [1;30mLevel 1[0m _identify(.) by extensions ['ignore', 'ignore_ament_install']
[0.148s] [34mcolcon.colcon_core.package_identification[0m [1;30mLevel 1[0m _identify(.) by extension 'ignore'
[0.148s] [34mcolcon.colcon_core.package_identification[0m [1;30mLevel 1[0m _identify(.) by extension 'ignore_ament_install'
[0.148s] [34mcolcon.colcon_core.package_identification[0m [1;30mLevel 1[0m _identify(.) by extensions ['colcon_pkg']
[0.148s] [34mcolcon.colcon_core.package_identification[0m [1;30mLevel 1[0m _identify(.) by extension 'colcon_pkg'
[0.148s] [34mcolcon.colcon_core.package_identification[0m [1;30mLevel 1[0m _identify(.) by extensions ['colcon_meta']
[0.148s] [34mcolcon.colcon_core.package_identification[0m [1;30mLevel 1[0m _identify(.) by extension 'colcon_meta'
[0.148s] [34mcolcon.colcon_core.package_identification[0m [1;30mLevel 1[0m _identify(.) by extensions ['ros']
[0.148s] [34mcolcon.colcon_core.package_identification[0m [1;30mLevel 1[0m _identify(.) by extension 'ros'
[0.154s] [34mcolcon.colcon_core.package_identification[0m [1;30mLevel 1[0m _identify(.) by extensions ['cmake', 'python']
[0.154s] [34mcolcon.colcon_core.package_identification[0m [1;30mLevel 1[0m _identify(.) by extension 'cmake'
[0.154s] [34mcolcon.colcon_core.package_identification[0m [1;30mLevel 1[0m _identify(.) by extension 'python'
[0.154s] [34mcolcon.colcon_core.package_identification[0m [1;30mLevel 1[0m _identify(.) by extensions ['python_setup_py']
[0.154s] [34mcolcon.colcon_core.package_identification[0m [1;30mLevel 1[0m _identify(.) by extension 'python_setup_py'
[0.154s] [34mcolcon.colcon_core.package_identification[0m [1;30mLevel 1[0m _identify(build) by extensions ['ignore', 'ignore_ament_install']
[0.154s] [34mcolcon.colcon_core.package_identification[0m [1;30mLevel 1[0m _identify(build) by extension 'ignore'
[0.154s] [34mcolcon.colcon_core.package_identification[0m [1;30mLevel 1[0m _identify(build) ignored
[0.155s] [34mcolcon.colcon_core.package_identification[0m [1;30mLevel 1[0m _identify(install) by extensions ['ignore', 'ignore_ament_install']
[0.155s] [34mcolcon.colcon_core.package_identification[0m [1;30mLevel 1[0m _identify(install) by extension 'ignore'
[0.155s] [34mcolcon.colcon_core.package_identification[0m [1;30mLevel 1[0m _identify(install) ignored
[0.155s] [34mcolcon.colcon_core.package_identification[0m [1;30mLevel 1[0m _identify(log) by extensions ['ignore', 'ignore_ament_install']
[0.155s] [34mcolcon.colcon_core.package_identification[0m [1;30mLevel 1[0m _identify(log) by extension 'ignore'
[0.155s] [34mcolcon.colcon_core.package_identification[0m [1;30mLevel 1[0m _identify(log) ignored
[0.155s] [34mcolcon.colcon_core.package_identification[0m [1;30mLevel 1[0m _identify(src) by extensions ['ignore', 'ignore_ament_install']
[0.155s] [34mcolcon.colcon_core.package_identification[0m [1;30mLevel 1[0m _identify(src) by extension 'ignore'
[0.155s] [34mcolcon.colcon_core.package_identification[0m [1;30mLevel 1[0m _identify(src) by extension 'ignore_ament_install'
[0.155s] [34mcolcon.colcon_core.package_identification[0m [1;30mLevel 1[0m _identify(src) by extensions ['colcon_pkg']
[0.155s] [34mcolcon.colcon_core.package_identification[0m [1;30mLevel 1[0m _identify(src) by extension 'colcon_pkg'
[0.155s] [34mcolcon.colcon_core.package_identification[0m [1;30mLevel 1[0m _identify(src) by extensions ['colcon_meta']
[0.155s] [34mcolcon.colcon_core.package_identification[0m [1;30mLevel 1[0m _identify(src) by extension 'colcon_meta'
[0.155s] [34mcolcon.colcon_core.package_identification[0m [1;30mLevel 1[0m _identify(src) by extensions ['ros']
[0.155s] [34mcolcon.colcon_core.package_identification[0m [1;30mLevel 1[0m _identify(src) by extension 'ros'
[0.155s] [34mcolcon.colcon_core.package_identification[0m [1;30mLevel 1[0m _identify(src) by extensions ['cmake', 'python']
[0.155s] [34mcolcon.colcon_core.package_identification[0m [1;30mLevel 1[0m _identify(src) by extension 'cmake'
[0.155s] [34mcolcon.colcon_core.package_identification[0m [1;30mLevel 1[0m _identify(src) by extension 'python'
[0.155s] [34mcolcon.colcon_core.package_identification[0m [1;30mLevel 1[0m _identify(src) by extensions ['python_setup_py']
[0.155s] [34mcolcon.colcon_core.package_identification[0m [1;30mLevel 1[0m _identify(src) by extension 'python_setup_py'
[0.155s] [34mcolcon.colcon_core.package_identification[0m [1;30mLevel 1[0m _identify(src/campus_simulation) by extensions ['ignore', 'ignore_ament_install']
[0.155s] [34mcolcon.colcon_core.package_identification[0m [1;30mLevel 1[0m _identify(src/campus_simulation) by extension 'ignore'
[0.155s] [34mcolcon.colcon_core.package_identification[0m [1;30mLevel 1[0m _identify(src/campus_simulation) by extension 'ignore_ament_install'
[0.155s] [34mcolcon.colcon_core.package_identification[0m [1;30mLevel 1[0m _identify(src/campus_simulation) by extensions ['colcon_pkg']
[0.155s] [34mcolcon.colcon_core.package_identification[0m [1;30mLevel 1[0m _identify(src/campus_simulation) by extension 'colcon_pkg'
[0.155s] [34mcolcon.colcon_core.package_identification[0m [1;30mLevel 1[0m _identify(src/campus_simulation) by extensions ['colcon_meta']
[0.155s] [34mcolcon.colcon_core.package_identification[0m [1;30mLevel 1[0m _identify(src/campus_simulation) by extension 'colcon_meta'
[0.155s] [34mcolcon.colcon_core.package_identification[0m [1;30mLevel 1[0m _identify(src/campus_simulation) by extensions ['ros']
[0.155s] [34mcolcon.colcon_core.package_identification[0m [1;30mLevel 1[0m _identify(src/campus_simulation) by extension 'ros'
[0.161s] [34mcolcon.colcon_core.package_identification[0m [1;30mDEBUG[0m [32mPackage 'src/campus_simulation' with type 'ros.ament_cmake' and name 'campus_simulation'[0m
[0.161s] [34mcolcon.colcon_core.package_identification[0m [1;30mLevel 1[0m _identify(src/pointcloud_to_laserscan) by extensions ['ignore', 'ignore_ament_install']
[0.161s] [34mcolcon.colcon_core.package_identification[0m [1;30mLevel 1[0m _identify(src/pointcloud_to_laserscan) by extension 'ignore'
[0.161s] [34mcolcon.colcon_core.package_identification[0m [1;30mLevel 1[0m _identify(src/pointcloud_to_laserscan) by extension 'ignore_ament_install'
[0.161s] [34mcolcon.colcon_core.package_identification[0m [1;30mLevel 1[0m _identify(src/pointcloud_to_laserscan) by extensions ['colcon_pkg']
[0.161s] [34mcolcon.colcon_core.package_identification[0m [1;30mLevel 1[0m _identify(src/pointcloud_to_laserscan) by extension 'colcon_pkg'
[0.161s] [34mcolcon.colcon_core.package_identification[0m [1;30mLevel 1[0m _identify(src/pointcloud_to_laserscan) by extensions ['colcon_meta']
[0.162s] [34mcolcon.colcon_core.package_identification[0m [1;30mLevel 1[0m _identify(src/pointcloud_to_laserscan) by extension 'colcon_meta'
[0.162s] [34mcolcon.colcon_core.package_identification[0m [1;30mLevel 1[0m _identify(src/pointcloud_to_laserscan) by extensions ['ros']
[0.162s] [34mcolcon.colcon_core.package_identification[0m [1;30mLevel 1[0m _identify(src/pointcloud_to_laserscan) by extension 'ros'
[0.162s] [34mcolcon.colcon_core.package_identification[0m [1;30mDEBUG[0m [32mPackage 'src/pointcloud_to_laserscan' with type 'ros.ament_cmake' and name 'pointcloud_to_laserscan'[0m
[0.162s] [34mcolcon.colcon_core.package_discovery[0m [1;30mLevel 1[0m discover_packages(recursive) using defaults
[0.162s] [34mcolcon.colcon_core.package_discovery[0m [1;30mLevel 1[0m discover_packages(ignore) discover
[0.162s] [34mcolcon.colcon_core.package_discovery[0m [1;30mLevel 1[0m discover_packages(ignore) using defaults
[0.162s] [34mcolcon.colcon_core.package_discovery[0m [1;30mLevel 1[0m discover_packages(path) discover
[0.162s] [34mcolcon.colcon_core.package_discovery[0m [1;30mLevel 1[0m discover_packages(path) using defaults
[0.171s] [34mcolcon.colcon_core.package_discovery[0m [1;30mLevel 1[0m discover_packages(prefix_path) check parameters
[0.171s] [34mcolcon.colcon_core.package_discovery[0m [1;30mLevel 1[0m discover_packages(prefix_path) discover
[0.172s] [34mcolcon.colcon_installed_package_information.package_discovery[0m [1;30mDEBUG[0m [32mFound 2 installed packages in /home/zzl/qirui/robot/carto_slam_ws/install[0m
[0.172s] [34mcolcon.colcon_installed_package_information.package_discovery[0m [1;30mDEBUG[0m [32mFound 20 installed packages in /home/zzl/carla_ws/install[0m
[0.173s] [34mcolcon.colcon_installed_package_information.package_discovery[0m [1;30mDEBUG[0m [32mFound 453 installed packages in /opt/ros/humble[0m
[0.174s] [34mcolcon.colcon_core.package_discovery[0m [1;30mLevel 1[0m discover_packages(prefix_path) using defaults
[0.199s] [34mcolcon.colcon_core.verb[0m [1;30mLevel 5[0m set package 'campus_simulation' build argument 'cmake_args' from command line to 'None'
[0.199s] [34mcolcon.colcon_core.verb[0m [1;30mLevel 5[0m set package 'campus_simulation' build argument 'cmake_target' from command line to 'None'
[0.199s] [34mcolcon.colcon_core.verb[0m [1;30mLevel 5[0m set package 'campus_simulation' build argument 'cmake_target_skip_unavailable' from command line to 'False'
[0.199s] [34mcolcon.colcon_core.verb[0m [1;30mLevel 5[0m set package 'campus_simulation' build argument 'cmake_clean_cache' from command line to 'False'
[0.199s] [34mcolcon.colcon_core.verb[0m [1;30mLevel 5[0m set package 'campus_simulation' build argument 'cmake_clean_first' from command line to 'False'
[0.199s] [34mcolcon.colcon_core.verb[0m [1;30mLevel 5[0m set package 'campus_simulation' build argument 'cmake_force_configure' from command line to 'False'
[0.199s] [34mcolcon.colcon_core.verb[0m [1;30mLevel 5[0m set package 'campus_simulation' build argument 'ament_cmake_args' from command line to 'None'
[0.199s] [34mcolcon.colcon_core.verb[0m [1;30mLevel 5[0m set package 'campus_simulation' build argument 'catkin_cmake_args' from command line to 'None'
[0.199s] [34mcolcon.colcon_core.verb[0m [1;30mLevel 5[0m set package 'campus_simulation' build argument 'catkin_skip_building_tests' from command line to 'False'
[0.199s] [34mcolcon.colcon_core.verb[0m [1;30mDEBUG[0m [32mBuilding package 'campus_simulation' with the following arguments: {'ament_cmake_args': None, 'build_base': '/home/zzl/qirui/robot/carto_slam_ws/build/campus_simulation', 'catkin_cmake_args': None, 'catkin_skip_building_tests': False, 'cmake_args': None, 'cmake_clean_cache': False, 'cmake_clean_first': False, 'cmake_force_configure': False, 'cmake_target': None, 'cmake_target_skip_unavailable': False, 'install_base': '/home/zzl/qirui/robot/carto_slam_ws/install/campus_simulation', 'merge_install': False, 'path': '/home/zzl/qirui/robot/carto_slam_ws/src/campus_simulation', 'symlink_install': False, 'test_result_base': None}[0m
[0.199s] [34mcolcon.colcon_core.verb[0m [1;30mLevel 5[0m set package 'pointcloud_to_laserscan' build argument 'cmake_args' from command line to 'None'
[0.199s] [34mcolcon.colcon_core.verb[0m [1;30mLevel 5[0m set package 'pointcloud_to_laserscan' build argument 'cmake_target' from command line to 'None'
[0.199s] [34mcolcon.colcon_core.verb[0m [1;30mLevel 5[0m set package 'pointcloud_to_laserscan' build argument 'cmake_target_skip_unavailable' from command line to 'False'
[0.199s] [34mcolcon.colcon_core.verb[0m [1;30mLevel 5[0m set package 'pointcloud_to_laserscan' build argument 'cmake_clean_cache' from command line to 'False'
[0.199s] [34mcolcon.colcon_core.verb[0m [1;30mLevel 5[0m set package 'pointcloud_to_laserscan' build argument 'cmake_clean_first' from command line to 'False'
[0.199s] [34mcolcon.colcon_core.verb[0m [1;30mLevel 5[0m set package 'pointcloud_to_laserscan' build argument 'cmake_force_configure' from command line to 'False'
[0.199s] [34mcolcon.colcon_core.verb[0m [1;30mLevel 5[0m set package 'pointcloud_to_laserscan' build argument 'ament_cmake_args' from command line to 'None'
[0.199s] [34mcolcon.colcon_core.verb[0m [1;30mLevel 5[0m set package 'pointcloud_to_laserscan' build argument 'catkin_cmake_args' from command line to 'None'
[0.199s] [34mcolcon.colcon_core.verb[0m [1;30mLevel 5[0m set package 'pointcloud_to_laserscan' build argument 'catkin_skip_building_tests' from command line to 'False'
[0.199s] [34mcolcon.colcon_core.verb[0m [1;30mDEBUG[0m [32mBuilding package 'pointcloud_to_laserscan' with the following arguments: {'ament_cmake_args': None, 'build_base': '/home/zzl/qirui/robot/carto_slam_ws/build/pointcloud_to_laserscan', 'catkin_cmake_args': None, 'catkin_skip_building_tests': False, 'cmake_args': None, 'cmake_clean_cache': False, 'cmake_clean_first': False, 'cmake_force_configure': False, 'cmake_target': None, 'cmake_target_skip_unavailable': False, 'install_base': '/home/zzl/qirui/robot/carto_slam_ws/install/pointcloud_to_laserscan', 'merge_install': False, 'path': '/home/zzl/qirui/robot/carto_slam_ws/src/pointcloud_to_laserscan', 'symlink_install': False, 'test_result_base': None}[0m
[0.199s] [34mcolcon.colcon_core.executor[0m [1;30mINFO[0m Executing jobs using 'parallel' executor
[0.199s] [34mcolcon.colcon_parallel_executor.executor.parallel[0m [1;30mDEBUG[0m [32mrun_until_complete[0m
[0.200s] [34mcolcon.colcon_ros.task.ament_cmake.build[0m [1;30mINFO[0m Building ROS package in '/home/zzl/qirui/robot/carto_slam_ws/src/campus_simulation' with build type 'ament_cmake'
[0.200s] [34mcolcon.colcon_cmake.task.cmake.build[0m [1;30mINFO[0m Building CMake package in '/home/zzl/qirui/robot/carto_slam_ws/src/campus_simulation'
[0.201s] [34mcolcon.colcon_core.plugin_system[0m [1;30mINFO[0m Skipping extension 'colcon_core.shell.bat': Not used on non-Windows systems
[0.201s] [34mcolcon.colcon_core.shell[0m [1;30mINFO[0m Skip shell extension 'powershell' for command environment: Not usable outside of PowerShell
[0.201s] [34mcolcon.colcon_core.shell[0m [1;30mDEBUG[0m [32mSkip shell extension 'dsv' for command environment[0m
[0.203s] [34mcolcon.colcon_ros.task.ament_cmake.build[0m [1;30mINFO[0m Building ROS package in '/home/zzl/qirui/robot/carto_slam_ws/src/pointcloud_to_laserscan' with build type 'ament_cmake'
[0.203s] [34mcolcon.colcon_cmake.task.cmake.build[0m [1;30mINFO[0m Building CMake package in '/home/zzl/qirui/robot/carto_slam_ws/src/pointcloud_to_laserscan'
[0.203s] [34mcolcon.colcon_core.shell[0m [1;30mINFO[0m Skip shell extension 'powershell' for command environment: Not usable outside of PowerShell
[0.203s] [34mcolcon.colcon_core.shell[0m [1;30mDEBUG[0m [32mSkip shell extension 'dsv' for command environment[0m
[0.208s] [34mcolcon.colcon_core.event_handler.log_command[0m [1;30mDEBUG[0m [32mInvoking command in '/home/zzl/qirui/robot/carto_slam_ws/build/campus_simulation': CMAKE_PREFIX_PATH=${CMAKE_PREFIX_PATH}:/home/zzl/carla_ws/install/rqt_carla_control:/home/zzl/carla_ws/install/carla_waypoint_publisher:/home/zzl/carla_ws/install/carla_ackermann_control:/home/zzl/carla_ws/install/carla_ros_bridge:/home/zzl/carla_ws/install/carla_spawn_objects:/home/zzl/carla_ws/install/carla_manual_control:/home/zzl/carla_ws/install/carla_ad_agent:/home/zzl/carla_ws/install/ros_compatibility:/home/zzl/carla_ws/install/carla_walker_agent:/home/zzl/carla_ws/install/carla_twist_to_control:/home/zzl/carla_ws/install/carla_ros_scenario_runner:/home/zzl/carla_ws/install/carla_common:/opt/ros/humble /usr/bin/cmake --build /home/zzl/qirui/robot/carto_slam_ws/build/campus_simulation -- -j20 -l20[0m
[0.212s] [34mcolcon.colcon_core.event_handler.log_command[0m [1;30mDEBUG[0m [32mInvoking command in '/home/zzl/qirui/robot/carto_slam_ws/build/pointcloud_to_laserscan': CMAKE_PREFIX_PATH=${CMAKE_PREFIX_PATH}:/home/zzl/carla_ws/install/rqt_carla_control:/home/zzl/carla_ws/install/carla_waypoint_publisher:/home/zzl/carla_ws/install/carla_ackermann_control:/home/zzl/carla_ws/install/carla_ros_bridge:/home/zzl/carla_ws/install/carla_spawn_objects:/home/zzl/carla_ws/install/carla_manual_control:/home/zzl/carla_ws/install/carla_ad_agent:/home/zzl/carla_ws/install/ros_compatibility:/home/zzl/carla_ws/install/carla_walker_agent:/home/zzl/carla_ws/install/carla_twist_to_control:/home/zzl/carla_ws/install/carla_ros_scenario_runner:/home/zzl/carla_ws/install/carla_common:/opt/ros/humble /usr/bin/cmake --build /home/zzl/qirui/robot/carto_slam_ws/build/pointcloud_to_laserscan -- -j20 -l20[0m
[0.238s] [34mcolcon.colcon_core.event_handler.log_command[0m [1;30mDEBUG[0m [32mInvoked command in '/home/zzl/qirui/robot/carto_slam_ws/build/campus_simulation' returned '0': CMAKE_PREFIX_PATH=${CMAKE_PREFIX_PATH}:/home/zzl/carla_ws/install/rqt_carla_control:/home/zzl/carla_ws/install/carla_waypoint_publisher:/home/zzl/carla_ws/install/carla_ackermann_control:/home/zzl/carla_ws/install/carla_ros_bridge:/home/zzl/carla_ws/install/carla_spawn_objects:/home/zzl/carla_ws/install/carla_manual_control:/home/zzl/carla_ws/install/carla_ad_agent:/home/zzl/carla_ws/install/ros_compatibility:/home/zzl/carla_ws/install/carla_walker_agent:/home/zzl/carla_ws/install/carla_twist_to_control:/home/zzl/carla_ws/install/carla_ros_scenario_runner:/home/zzl/carla_ws/install/carla_common:/opt/ros/humble /usr/bin/cmake --build /home/zzl/qirui/robot/carto_slam_ws/build/campus_simulation -- -j20 -l20[0m
[0.246s] [34mcolcon.colcon_core.event_handler.log_command[0m [1;30mDEBUG[0m [32mInvoking command in '/home/zzl/qirui/robot/carto_slam_ws/build/campus_simulation': CMAKE_PREFIX_PATH=${CMAKE_PREFIX_PATH}:/home/zzl/carla_ws/install/rqt_carla_control:/home/zzl/carla_ws/install/carla_waypoint_publisher:/home/zzl/carla_ws/install/carla_ackermann_control:/home/zzl/carla_ws/install/carla_ros_bridge:/home/zzl/carla_ws/install/carla_spawn_objects:/home/zzl/carla_ws/install/carla_manual_control:/home/zzl/carla_ws/install/carla_ad_agent:/home/zzl/carla_ws/install/ros_compatibility:/home/zzl/carla_ws/install/carla_walker_agent:/home/zzl/carla_ws/install/carla_twist_to_control:/home/zzl/carla_ws/install/carla_ros_scenario_runner:/home/zzl/carla_ws/install/carla_common:/opt/ros/humble /usr/bin/cmake --install /home/zzl/qirui/robot/carto_slam_ws/build/campus_simulation[0m
[0.254s] [34mcolcon.colcon_core.environment[0m [1;30mLevel 1[0m create_environment_scripts_only(campus_simulation)
[0.255s] [34mcolcon.colcon_core.event_handler.log_command[0m [1;30mDEBUG[0m [32mInvoked command in '/home/zzl/qirui/robot/carto_slam_ws/build/campus_simulation' returned '0': CMAKE_PREFIX_PATH=${CMAKE_PREFIX_PATH}:/home/zzl/carla_ws/install/rqt_carla_control:/home/zzl/carla_ws/install/carla_waypoint_publisher:/home/zzl/carla_ws/install/carla_ackermann_control:/home/zzl/carla_ws/install/carla_ros_bridge:/home/zzl/carla_ws/install/carla_spawn_objects:/home/zzl/carla_ws/install/carla_manual_control:/home/zzl/carla_ws/install/carla_ad_agent:/home/zzl/carla_ws/install/ros_compatibility:/home/zzl/carla_ws/install/carla_walker_agent:/home/zzl/carla_ws/install/carla_twist_to_control:/home/zzl/carla_ws/install/carla_ros_scenario_runner:/home/zzl/carla_ws/install/carla_common:/opt/ros/humble /usr/bin/cmake --install /home/zzl/qirui/robot/carto_slam_ws/build/campus_simulation[0m
[0.256s] [34mcolcon.colcon_core.environment[0m [1;30mLevel 1[0m checking '/home/zzl/qirui/robot/carto_slam_ws/install/campus_simulation' for CMake module files
[0.256s] [34mcolcon.colcon_core.environment[0m [1;30mLevel 1[0m checking '/home/zzl/qirui/robot/carto_slam_ws/install/campus_simulation' for CMake config files
[0.256s] [34mcolcon.colcon_core.shell[0m [1;30mLevel 1[0m create_environment_hook('campus_simulation', 'cmake_prefix_path')
[0.257s] [34mcolcon.colcon_core.shell[0m [1;30mINFO[0m Creating environment hook '/home/zzl/qirui/robot/carto_slam_ws/install/campus_simulation/share/campus_simulation/hook/cmake_prefix_path.ps1'
[0.257s] [34mcolcon.colcon_core.shell[0m [1;30mINFO[0m Creating environment descriptor '/home/zzl/qirui/robot/carto_slam_ws/install/campus_simulation/share/campus_simulation/hook/cmake_prefix_path.dsv'
[0.257s] [34mcolcon.colcon_core.shell[0m [1;30mINFO[0m Creating environment hook '/home/zzl/qirui/robot/carto_slam_ws/install/campus_simulation/share/campus_simulation/hook/cmake_prefix_path.sh'
[0.258s] [34mcolcon.colcon_core.environment[0m [1;30mLevel 1[0m checking '/home/zzl/qirui/robot/carto_slam_ws/install/campus_simulation/bin'
[0.258s] [34mcolcon.colcon_core.environment[0m [1;30mLevel 1[0m checking '/home/zzl/qirui/robot/carto_slam_ws/install/campus_simulation/lib/pkgconfig/campus_simulation.pc'
[0.258s] [34mcolcon.colcon_core.environment[0m [1;30mLevel 1[0m checking '/home/zzl/qirui/robot/carto_slam_ws/install/campus_simulation/lib/python3.10/site-packages'
[0.258s] [34mcolcon.colcon_core.environment[0m [1;30mLevel 1[0m checking '/home/zzl/qirui/robot/carto_slam_ws/install/campus_simulation/bin'
[0.258s] [34mcolcon.colcon_core.shell[0m [1;30mINFO[0m Creating package script '/home/zzl/qirui/robot/carto_slam_ws/install/campus_simulation/share/campus_simulation/package.ps1'
[0.259s] [34mcolcon.colcon_core.shell[0m [1;30mINFO[0m Creating package descriptor '/home/zzl/qirui/robot/carto_slam_ws/install/campus_simulation/share/campus_simulation/package.dsv'
[0.259s] [34mcolcon.colcon_core.shell[0m [1;30mINFO[0m Creating package script '/home/zzl/qirui/robot/carto_slam_ws/install/campus_simulation/share/campus_simulation/package.sh'
[0.259s] [34mcolcon.colcon_core.shell[0m [1;30mINFO[0m Creating package script '/home/zzl/qirui/robot/carto_slam_ws/install/campus_simulation/share/campus_simulation/package.bash'
[0.260s] [34mcolcon.colcon_core.shell[0m [1;30mINFO[0m Creating package script '/home/zzl/qirui/robot/carto_slam_ws/install/campus_simulation/share/campus_simulation/package.zsh'
[0.260s] [34mcolcon.colcon_core.environment[0m [1;30mLevel 1[0m create_file_with_runtime_dependencies(/home/zzl/qirui/robot/carto_slam_ws/install/campus_simulation/share/colcon-core/packages/campus_simulation)
[0.260s] [34mcolcon.colcon_core.environment[0m [1;30mLevel 1[0m create_environment_scripts_only(campus_simulation)
[0.260s] [34mcolcon.colcon_core.environment[0m [1;30mLevel 1[0m checking '/home/zzl/qirui/robot/carto_slam_ws/install/campus_simulation' for CMake module files
[0.261s] [34mcolcon.colcon_core.environment[0m [1;30mLevel 1[0m checking '/home/zzl/qirui/robot/carto_slam_ws/install/campus_simulation' for CMake config files
[0.261s] [34mcolcon.colcon_core.shell[0m [1;30mLevel 1[0m create_environment_hook('campus_simulation', 'cmake_prefix_path')
[0.261s] [34mcolcon.colcon_core.shell[0m [1;30mINFO[0m Creating environment hook '/home/zzl/qirui/robot/carto_slam_ws/install/campus_simulation/share/campus_simulation/hook/cmake_prefix_path.ps1'
[0.261s] [34mcolcon.colcon_core.shell[0m [1;30mINFO[0m Creating environment descriptor '/home/zzl/qirui/robot/carto_slam_ws/install/campus_simulation/share/campus_simulation/hook/cmake_prefix_path.dsv'
[0.261s] [34mcolcon.colcon_core.shell[0m [1;30mINFO[0m Creating environment hook '/home/zzl/qirui/robot/carto_slam_ws/install/campus_simulation/share/campus_simulation/hook/cmake_prefix_path.sh'
[0.262s] [34mcolcon.colcon_core.environment[0m [1;30mLevel 1[0m checking '/home/zzl/qirui/robot/carto_slam_ws/install/campus_simulation/bin'
[0.262s] [34mcolcon.colcon_core.environment[0m [1;30mLevel 1[0m checking '/home/zzl/qirui/robot/carto_slam_ws/install/campus_simulation/lib/pkgconfig/campus_simulation.pc'
[0.262s] [34mcolcon.colcon_core.environment[0m [1;30mLevel 1[0m checking '/home/zzl/qirui/robot/carto_slam_ws/install/campus_simulation/lib/python3.10/site-packages'
[0.262s] [34mcolcon.colcon_core.environment[0m [1;30mLevel 1[0m checking '/home/zzl/qirui/robot/carto_slam_ws/install/campus_simulation/bin'
[0.262s] [34mcolcon.colcon_core.shell[0m [1;30mINFO[0m Creating package script '/home/zzl/qirui/robot/carto_slam_ws/install/campus_simulation/share/campus_simulation/package.ps1'
[0.262s] [34mcolcon.colcon_core.shell[0m [1;30mINFO[0m Creating package descriptor '/home/zzl/qirui/robot/carto_slam_ws/install/campus_simulation/share/campus_simulation/package.dsv'
[0.263s] [34mcolcon.colcon_core.shell[0m [1;30mINFO[0m Creating package script '/home/zzl/qirui/robot/carto_slam_ws/install/campus_simulation/share/campus_simulation/package.sh'
[0.263s] [34mcolcon.colcon_core.shell[0m [1;30mINFO[0m Creating package script '/home/zzl/qirui/robot/carto_slam_ws/install/campus_simulation/share/campus_simulation/package.bash'
[0.263s] [34mcolcon.colcon_core.shell[0m [1;30mINFO[0m Creating package script '/home/zzl/qirui/robot/carto_slam_ws/install/campus_simulation/share/campus_simulation/package.zsh'
[0.263s] [34mcolcon.colcon_core.environment[0m [1;30mLevel 1[0m create_file_with_runtime_dependencies(/home/zzl/qirui/robot/carto_slam_ws/install/campus_simulation/share/colcon-core/packages/campus_simulation)
[0.299s] [34mcolcon.colcon_core.event_handler.log_command[0m [1;30mDEBUG[0m [32mInvoked command in '/home/zzl/qirui/robot/carto_slam_ws/build/pointcloud_to_laserscan' returned '0': CMAKE_PREFIX_PATH=${CMAKE_PREFIX_PATH}:/home/zzl/carla_ws/install/rqt_carla_control:/home/zzl/carla_ws/install/carla_waypoint_publisher:/home/zzl/carla_ws/install/carla_ackermann_control:/home/zzl/carla_ws/install/carla_ros_bridge:/home/zzl/carla_ws/install/carla_spawn_objects:/home/zzl/carla_ws/install/carla_manual_control:/home/zzl/carla_ws/install/carla_ad_agent:/home/zzl/carla_ws/install/ros_compatibility:/home/zzl/carla_ws/install/carla_walker_agent:/home/zzl/carla_ws/install/carla_twist_to_control:/home/zzl/carla_ws/install/carla_ros_scenario_runner:/home/zzl/carla_ws/install/carla_common:/opt/ros/humble /usr/bin/cmake --build /home/zzl/qirui/robot/carto_slam_ws/build/pointcloud_to_laserscan -- -j20 -l20[0m
[0.300s] [34mcolcon.colcon_core.event_handler.log_command[0m [1;30mDEBUG[0m [32mInvoking command in '/home/zzl/qirui/robot/carto_slam_ws/build/pointcloud_to_laserscan': CMAKE_PREFIX_PATH=${CMAKE_PREFIX_PATH}:/home/zzl/carla_ws/install/rqt_carla_control:/home/zzl/carla_ws/install/carla_waypoint_publisher:/home/zzl/carla_ws/install/carla_ackermann_control:/home/zzl/carla_ws/install/carla_ros_bridge:/home/zzl/carla_ws/install/carla_spawn_objects:/home/zzl/carla_ws/install/carla_manual_control:/home/zzl/carla_ws/install/carla_ad_agent:/home/zzl/carla_ws/install/ros_compatibility:/home/zzl/carla_ws/install/carla_walker_agent:/home/zzl/carla_ws/install/carla_twist_to_control:/home/zzl/carla_ws/install/carla_ros_scenario_runner:/home/zzl/carla_ws/install/carla_common:/opt/ros/humble /usr/bin/cmake --install /home/zzl/qirui/robot/carto_slam_ws/build/pointcloud_to_laserscan[0m
[0.309s] [34mcolcon.colcon_core.environment[0m [1;30mLevel 1[0m create_environment_scripts_only(pointcloud_to_laserscan)
[0.309s] [34mcolcon.colcon_core.environment[0m [1;30mLevel 1[0m checking '/home/zzl/qirui/robot/carto_slam_ws/install/pointcloud_to_laserscan' for CMake module files
[0.310s] [34mcolcon.colcon_core.event_handler.log_command[0m [1;30mDEBUG[0m [32mInvoked command in '/home/zzl/qirui/robot/carto_slam_ws/build/pointcloud_to_laserscan' returned '0': CMAKE_PREFIX_PATH=${CMAKE_PREFIX_PATH}:/home/zzl/carla_ws/install/rqt_carla_control:/home/zzl/carla_ws/install/carla_waypoint_publisher:/home/zzl/carla_ws/install/carla_ackermann_control:/home/zzl/carla_ws/install/carla_ros_bridge:/home/zzl/carla_ws/install/carla_spawn_objects:/home/zzl/carla_ws/install/carla_manual_control:/home/zzl/carla_ws/install/carla_ad_agent:/home/zzl/carla_ws/install/ros_compatibility:/home/zzl/carla_ws/install/carla_walker_agent:/home/zzl/carla_ws/install/carla_twist_to_control:/home/zzl/carla_ws/install/carla_ros_scenario_runner:/home/zzl/carla_ws/install/carla_common:/opt/ros/humble /usr/bin/cmake --install /home/zzl/qirui/robot/carto_slam_ws/build/pointcloud_to_laserscan[0m
[0.310s] [34mcolcon.colcon_core.environment[0m [1;30mLevel 1[0m checking '/home/zzl/qirui/robot/carto_slam_ws/install/pointcloud_to_laserscan' for CMake config files
[0.310s] [34mcolcon.colcon_core.shell[0m [1;30mLevel 1[0m create_environment_hook('pointcloud_to_laserscan', 'cmake_prefix_path')
[0.311s] [34mcolcon.colcon_core.shell[0m [1;30mINFO[0m Creating environment hook '/home/zzl/qirui/robot/carto_slam_ws/install/pointcloud_to_laserscan/share/pointcloud_to_laserscan/hook/cmake_prefix_path.ps1'
[0.311s] [34mcolcon.colcon_core.shell[0m [1;30mINFO[0m Creating environment descriptor '/home/zzl/qirui/robot/carto_slam_ws/install/pointcloud_to_laserscan/share/pointcloud_to_laserscan/hook/cmake_prefix_path.dsv'
[0.312s] [34mcolcon.colcon_core.shell[0m [1;30mINFO[0m Creating environment hook '/home/zzl/qirui/robot/carto_slam_ws/install/pointcloud_to_laserscan/share/pointcloud_to_laserscan/hook/cmake_prefix_path.sh'
[0.312s] [34mcolcon.colcon_core.environment[0m [1;30mLevel 1[0m checking '/home/zzl/qirui/robot/carto_slam_ws/install/pointcloud_to_laserscan/lib'
[0.312s] [34mcolcon.colcon_core.shell[0m [1;30mLevel 1[0m create_environment_hook('pointcloud_to_laserscan', 'ld_library_path_lib')
[0.313s] [34mcolcon.colcon_core.shell[0m [1;30mINFO[0m Creating environment hook '/home/zzl/qirui/robot/carto_slam_ws/install/pointcloud_to_laserscan/share/pointcloud_to_laserscan/hook/ld_library_path_lib.ps1'
[0.313s] [34mcolcon.colcon_core.shell[0m [1;30mINFO[0m Creating environment descriptor '/home/zzl/qirui/robot/carto_slam_ws/install/pointcloud_to_laserscan/share/pointcloud_to_laserscan/hook/ld_library_path_lib.dsv'
[0.313s] [34mcolcon.colcon_core.shell[0m [1;30mINFO[0m Creating environment hook '/home/zzl/qirui/robot/carto_slam_ws/install/pointcloud_to_laserscan/share/pointcloud_to_laserscan/hook/ld_library_path_lib.sh'
[0.314s] [34mcolcon.colcon_core.environment[0m [1;30mLevel 1[0m checking '/home/zzl/qirui/robot/carto_slam_ws/install/pointcloud_to_laserscan/bin'
[0.314s] [34mcolcon.colcon_core.environment[0m [1;30mLevel 1[0m checking '/home/zzl/qirui/robot/carto_slam_ws/install/pointcloud_to_laserscan/lib/pkgconfig/pointcloud_to_laserscan.pc'
[0.314s] [34mcolcon.colcon_core.environment[0m [1;30mLevel 1[0m checking '/home/zzl/qirui/robot/carto_slam_ws/install/pointcloud_to_laserscan/lib/python3.10/site-packages'
[0.314s] [34mcolcon.colcon_core.environment[0m [1;30mLevel 1[0m checking '/home/zzl/qirui/robot/carto_slam_ws/install/pointcloud_to_laserscan/bin'
[0.314s] [34mcolcon.colcon_core.shell[0m [1;30mINFO[0m Creating package script '/home/zzl/qirui/robot/carto_slam_ws/install/pointcloud_to_laserscan/share/pointcloud_to_laserscan/package.ps1'
[0.314s] [34mcolcon.colcon_core.shell[0m [1;30mINFO[0m Creating package descriptor '/home/zzl/qirui/robot/carto_slam_ws/install/pointcloud_to_laserscan/share/pointcloud_to_laserscan/package.dsv'
[0.315s] [34mcolcon.colcon_core.shell[0m [1;30mINFO[0m Creating package script '/home/zzl/qirui/robot/carto_slam_ws/install/pointcloud_to_laserscan/share/pointcloud_to_laserscan/package.sh'
[0.315s] [34mcolcon.colcon_core.shell[0m [1;30mINFO[0m Creating package script '/home/zzl/qirui/robot/carto_slam_ws/install/pointcloud_to_laserscan/share/pointcloud_to_laserscan/package.bash'
[0.315s] [34mcolcon.colcon_core.shell[0m [1;30mINFO[0m Creating package script '/home/zzl/qirui/robot/carto_slam_ws/install/pointcloud_to_laserscan/share/pointcloud_to_laserscan/package.zsh'
[0.315s] [34mcolcon.colcon_core.environment[0m [1;30mLevel 1[0m create_file_with_runtime_dependencies(/home/zzl/qirui/robot/carto_slam_ws/install/pointcloud_to_laserscan/share/colcon-core/packages/pointcloud_to_laserscan)
[0.315s] [34mcolcon.colcon_core.environment[0m [1;30mLevel 1[0m create_environment_scripts_only(pointcloud_to_laserscan)
[0.316s] [34mcolcon.colcon_core.environment[0m [1;30mLevel 1[0m checking '/home/zzl/qirui/robot/carto_slam_ws/install/pointcloud_to_laserscan' for CMake module files
[0.316s] [34mcolcon.colcon_core.environment[0m [1;30mLevel 1[0m checking '/home/zzl/qirui/robot/carto_slam_ws/install/pointcloud_to_laserscan' for CMake config files
[0.316s] [34mcolcon.colcon_core.shell[0m [1;30mLevel 1[0m create_environment_hook('pointcloud_to_laserscan', 'cmake_prefix_path')
[0.316s] [34mcolcon.colcon_core.shell[0m [1;30mINFO[0m Creating environment hook '/home/zzl/qirui/robot/carto_slam_ws/install/pointcloud_to_laserscan/share/pointcloud_to_laserscan/hook/cmake_prefix_path.ps1'
[0.316s] [34mcolcon.colcon_core.shell[0m [1;30mINFO[0m Creating environment descriptor '/home/zzl/qirui/robot/carto_slam_ws/install/pointcloud_to_laserscan/share/pointcloud_to_laserscan/hook/cmake_prefix_path.dsv'
[0.316s] [34mcolcon.colcon_core.shell[0m [1;30mINFO[0m Creating environment hook '/home/zzl/qirui/robot/carto_slam_ws/install/pointcloud_to_laserscan/share/pointcloud_to_laserscan/hook/cmake_prefix_path.sh'
[0.317s] [34mcolcon.colcon_core.environment[0m [1;30mLevel 1[0m checking '/home/zzl/qirui/robot/carto_slam_ws/install/pointcloud_to_laserscan/lib'
[0.317s] [34mcolcon.colcon_core.shell[0m [1;30mLevel 1[0m create_environment_hook('pointcloud_to_laserscan', 'ld_library_path_lib')
[0.317s] [34mcolcon.colcon_core.shell[0m [1;30mINFO[0m Creating environment hook '/home/zzl/qirui/robot/carto_slam_ws/install/pointcloud_to_laserscan/share/pointcloud_to_laserscan/hook/ld_library_path_lib.ps1'
[0.317s] [34mcolcon.colcon_core.shell[0m [1;30mINFO[0m Creating environment descriptor '/home/zzl/qirui/robot/carto_slam_ws/install/pointcloud_to_laserscan/share/pointcloud_to_laserscan/hook/ld_library_path_lib.dsv'
[0.317s] [34mcolcon.colcon_core.shell[0m [1;30mINFO[0m Creating environment hook '/home/zzl/qirui/robot/carto_slam_ws/install/pointcloud_to_laserscan/share/pointcloud_to_laserscan/hook/ld_library_path_lib.sh'
[0.317s] [34mcolcon.colcon_core.environment[0m [1;30mLevel 1[0m checking '/home/zzl/qirui/robot/carto_slam_ws/install/pointcloud_to_laserscan/bin'
[0.317s] [34mcolcon.colcon_core.environment[0m [1;30mLevel 1[0m checking '/home/zzl/qirui/robot/carto_slam_ws/install/pointcloud_to_laserscan/lib/pkgconfig/pointcloud_to_laserscan.pc'
[0.317s] [34mcolcon.colcon_core.environment[0m [1;30mLevel 1[0m checking '/home/zzl/qirui/robot/carto_slam_ws/install/pointcloud_to_laserscan/lib/python3.10/site-packages'
[0.318s] [34mcolcon.colcon_core.environment[0m [1;30mLevel 1[0m checking '/home/zzl/qirui/robot/carto_slam_ws/install/pointcloud_to_laserscan/bin'
[0.318s] [34mcolcon.colcon_core.shell[0m [1;30mINFO[0m Creating package script '/home/zzl/qirui/robot/carto_slam_ws/install/pointcloud_to_laserscan/share/pointcloud_to_laserscan/package.ps1'
[0.318s] [34mcolcon.colcon_core.shell[0m [1;30mINFO[0m Creating package descriptor '/home/zzl/qirui/robot/carto_slam_ws/install/pointcloud_to_laserscan/share/pointcloud_to_laserscan/package.dsv'
[0.318s] [34mcolcon.colcon_core.shell[0m [1;30mINFO[0m Creating package script '/home/zzl/qirui/robot/carto_slam_ws/install/pointcloud_to_laserscan/share/pointcloud_to_laserscan/package.sh'
[0.319s] [34mcolcon.colcon_core.shell[0m [1;30mINFO[0m Creating package script '/home/zzl/qirui/robot/carto_slam_ws/install/pointcloud_to_laserscan/share/pointcloud_to_laserscan/package.bash'
[0.319s] [34mcolcon.colcon_core.shell[0m [1;30mINFO[0m Creating package script '/home/zzl/qirui/robot/carto_slam_ws/install/pointcloud_to_laserscan/share/pointcloud_to_laserscan/package.zsh'
[0.319s] [34mcolcon.colcon_core.environment[0m [1;30mLevel 1[0m create_file_with_runtime_dependencies(/home/zzl/qirui/robot/carto_slam_ws/install/pointcloud_to_laserscan/share/colcon-core/packages/pointcloud_to_laserscan)
[0.319s] [34mcolcon.colcon_parallel_executor.executor.parallel[0m [1;30mDEBUG[0m [32mclosing loop[0m
[0.319s] [34mcolcon.colcon_parallel_executor.executor.parallel[0m [1;30mDEBUG[0m [32mloop closed[0m
[0.320s] [34mcolcon.colcon_parallel_executor.executor.parallel[0m [1;30mDEBUG[0m [32mrun_until_complete finished with '0'[0m
[0.320s] [34mcolcon.colcon_core.event_reactor[0m [1;30mDEBUG[0m [32mjoining thread[0m
[0.324s] [34mcolcon.colcon_core.plugin_system[0m [1;30mINFO[0m Skipping extension 'colcon_notification.desktop_notification.terminal_notifier': Not used on non-Darwin systems
[0.324s] [34mcolcon.colcon_core.plugin_system[0m [1;30mINFO[0m Skipping extension 'colcon_notification.desktop_notification.win32': Not used on non-Windows systems
[0.324s] [34mcolcon.colcon_notification.desktop_notification[0m [1;30mINFO[0m Sending desktop notification using 'notify2'
[0.331s] [34mcolcon.colcon_core.event_reactor[0m [1;30mDEBUG[0m [32mjoined thread[0m
[0.332s] [34mcolcon.colcon_core.shell[0m [1;30mINFO[0m Creating prefix script '/home/zzl/qirui/robot/carto_slam_ws/install/local_setup.ps1'
[0.333s] [34mcolcon.colcon_core.shell[0m [1;30mINFO[0m Creating prefix util module '/home/zzl/qirui/robot/carto_slam_ws/install/_local_setup_util_ps1.py'
[0.334s] [34mcolcon.colcon_core.shell[0m [1;30mINFO[0m Creating prefix chain script '/home/zzl/qirui/robot/carto_slam_ws/install/setup.ps1'
[0.335s] [34mcolcon.colcon_core.shell[0m [1;30mINFO[0m Creating prefix script '/home/zzl/qirui/robot/carto_slam_ws/install/local_setup.sh'
[0.335s] [34mcolcon.colcon_core.shell[0m [1;30mINFO[0m Creating prefix util module '/home/zzl/qirui/robot/carto_slam_ws/install/_local_setup_util_sh.py'
[0.335s] [34mcolcon.colcon_core.shell[0m [1;30mINFO[0m Creating prefix chain script '/home/zzl/qirui/robot/carto_slam_ws/install/setup.sh'
[0.336s] [34mcolcon.colcon_core.shell[0m [1;30mINFO[0m Creating prefix script '/home/zzl/qirui/robot/carto_slam_ws/install/local_setup.bash'
[0.336s] [34mcolcon.colcon_core.shell[0m [1;30mINFO[0m Creating prefix chain script '/home/zzl/qirui/robot/carto_slam_ws/install/setup.bash'
[0.337s] [34mcolcon.colcon_core.shell[0m [1;30mINFO[0m Creating prefix script '/home/zzl/qirui/robot/carto_slam_ws/install/local_setup.zsh'
[0.337s] [34mcolcon.colcon_core.shell[0m [1;30mINFO[0m Creating prefix chain script '/home/zzl/qirui/robot/carto_slam_ws/install/setup.zsh'
