[0.007s] Invoking command in '/home/zzl/qirui/robot/carto_slam_ws/build/campus_simulation': CMAKE_PREFIX_PATH=${CMAKE_PREFIX_PATH}:/home/zzl/carla_ws/install/rqt_carla_control:/home/zzl/carla_ws/install/carla_waypoint_publisher:/home/zzl/carla_ws/install/carla_ackermann_control:/home/zzl/carla_ws/install/carla_ros_bridge:/home/zzl/carla_ws/install/carla_spawn_objects:/home/zzl/carla_ws/install/carla_manual_control:/home/zzl/carla_ws/install/carla_ad_agent:/home/zzl/carla_ws/install/ros_compatibility:/home/zzl/carla_ws/install/carla_walker_agent:/home/zzl/carla_ws/install/carla_twist_to_control:/home/zzl/carla_ws/install/carla_ros_scenario_runner:/home/zzl/carla_ws/install/carla_common:/opt/ros/humble /usr/bin/cmake /home/zzl/qirui/robot/carto_slam_ws/src/campus_simulation -DCMAKE_INSTALL_PREFIX=/home/zzl/qirui/robot/carto_slam_ws/install/campus_simulation
[0.101s] -- The C compiler identification is GNU 11.4.0
[0.176s] -- The CXX compiler identification is GNU 11.4.0
[0.181s] -- Detecting C compiler ABI info
[0.242s] -- Detecting C compiler ABI info - done
[0.248s] -- Check for working C compiler: /usr/bin/cc - skipped
[0.248s] -- Detecting C compile features
[0.249s] -- Detecting C compile features - done
[0.251s] -- Detecting CXX compiler ABI info
[0.317s] -- Detecting CXX compiler ABI info - done
[0.322s] -- Check for working CXX compiler: /usr/bin/c++ - skipped
[0.322s] -- Detecting CXX compile features
[0.323s] -- Detecting CXX compile features - done
[0.332s] -- Found ament_cmake: 1.3.14 (/opt/ros/humble/share/ament_cmake/cmake)
[0.440s] -- Found Python3: /usr/bin/python3 (found version "3.10.12") found components: Interpreter 
[0.511s] -- Found ament_lint_auto: 0.12.15 (/opt/ros/humble/share/ament_lint_auto/cmake)
[0.570s] -- Added test 'flake8' to check Python code syntax and style conventions
[0.571s] -- Added test 'lint_cmake' to check CMake code style
[0.571s] -- Added test 'pep257' to check Python code against some of the docstring style conventions in PEP 257
[0.572s] -- Added test 'xmllint' to check XML markup files
[0.573s] -- Configuring done
[0.574s] -- Generating done
[0.575s] -- Build files have been written to: /home/zzl/qirui/robot/carto_slam_ws/build/campus_simulation
[0.578s] Invoked command in '/home/zzl/qirui/robot/carto_slam_ws/build/campus_simulation' returned '0': CMAKE_PREFIX_PATH=${CMAKE_PREFIX_PATH}:/home/zzl/carla_ws/install/rqt_carla_control:/home/zzl/carla_ws/install/carla_waypoint_publisher:/home/zzl/carla_ws/install/carla_ackermann_control:/home/zzl/carla_ws/install/carla_ros_bridge:/home/zzl/carla_ws/install/carla_spawn_objects:/home/zzl/carla_ws/install/carla_manual_control:/home/zzl/carla_ws/install/carla_ad_agent:/home/zzl/carla_ws/install/ros_compatibility:/home/zzl/carla_ws/install/carla_walker_agent:/home/zzl/carla_ws/install/carla_twist_to_control:/home/zzl/carla_ws/install/carla_ros_scenario_runner:/home/zzl/carla_ws/install/carla_common:/opt/ros/humble /usr/bin/cmake /home/zzl/qirui/robot/carto_slam_ws/src/campus_simulation -DCMAKE_INSTALL_PREFIX=/home/zzl/qirui/robot/carto_slam_ws/install/campus_simulation
[0.580s] Invoking command in '/home/zzl/qirui/robot/carto_slam_ws/build/campus_simulation': CMAKE_PREFIX_PATH=${CMAKE_PREFIX_PATH}:/home/zzl/carla_ws/install/rqt_carla_control:/home/zzl/carla_ws/install/carla_waypoint_publisher:/home/zzl/carla_ws/install/carla_ackermann_control:/home/zzl/carla_ws/install/carla_ros_bridge:/home/zzl/carla_ws/install/carla_spawn_objects:/home/zzl/carla_ws/install/carla_manual_control:/home/zzl/carla_ws/install/carla_ad_agent:/home/zzl/carla_ws/install/ros_compatibility:/home/zzl/carla_ws/install/carla_walker_agent:/home/zzl/carla_ws/install/carla_twist_to_control:/home/zzl/carla_ws/install/carla_ros_scenario_runner:/home/zzl/carla_ws/install/carla_common:/opt/ros/humble /usr/bin/cmake --build /home/zzl/qirui/robot/carto_slam_ws/build/campus_simulation -- -j20 -l20
[0.611s] Invoked command in '/home/zzl/qirui/robot/carto_slam_ws/build/campus_simulation' returned '0': CMAKE_PREFIX_PATH=${CMAKE_PREFIX_PATH}:/home/zzl/carla_ws/install/rqt_carla_control:/home/zzl/carla_ws/install/carla_waypoint_publisher:/home/zzl/carla_ws/install/carla_ackermann_control:/home/zzl/carla_ws/install/carla_ros_bridge:/home/zzl/carla_ws/install/carla_spawn_objects:/home/zzl/carla_ws/install/carla_manual_control:/home/zzl/carla_ws/install/carla_ad_agent:/home/zzl/carla_ws/install/ros_compatibility:/home/zzl/carla_ws/install/carla_walker_agent:/home/zzl/carla_ws/install/carla_twist_to_control:/home/zzl/carla_ws/install/carla_ros_scenario_runner:/home/zzl/carla_ws/install/carla_common:/opt/ros/humble /usr/bin/cmake --build /home/zzl/qirui/robot/carto_slam_ws/build/campus_simulation -- -j20 -l20
[0.622s] Invoking command in '/home/zzl/qirui/robot/carto_slam_ws/build/campus_simulation': CMAKE_PREFIX_PATH=${CMAKE_PREFIX_PATH}:/home/zzl/carla_ws/install/rqt_carla_control:/home/zzl/carla_ws/install/carla_waypoint_publisher:/home/zzl/carla_ws/install/carla_ackermann_control:/home/zzl/carla_ws/install/carla_ros_bridge:/home/zzl/carla_ws/install/carla_spawn_objects:/home/zzl/carla_ws/install/carla_manual_control:/home/zzl/carla_ws/install/carla_ad_agent:/home/zzl/carla_ws/install/ros_compatibility:/home/zzl/carla_ws/install/carla_walker_agent:/home/zzl/carla_ws/install/carla_twist_to_control:/home/zzl/carla_ws/install/carla_ros_scenario_runner:/home/zzl/carla_ws/install/carla_common:/opt/ros/humble /usr/bin/cmake --install /home/zzl/qirui/robot/carto_slam_ws/build/campus_simulation
[0.629s] -- Install configuration: ""
[0.629s] -- Installing: /home/zzl/qirui/robot/carto_slam_ws/install/campus_simulation/share/campus_simulation/launch
[0.629s] -- Installing: /home/zzl/qirui/robot/carto_slam_ws/install/campus_simulation/share/campus_simulation/launch/hybrid_mapping.launch.py
[0.629s] -- Installing: /home/zzl/qirui/robot/carto_slam_ws/install/campus_simulation/share/campus_simulation/launch/hybrid_mapping_3d.launch.py
[0.629s] -- Installing: /home/zzl/qirui/robot/carto_slam_ws/install/campus_simulation/share/campus_simulation/launch/hybrid_navigation.launch.py
[0.629s] -- Installing: /home/zzl/qirui/robot/carto_slam_ws/install/campus_simulation/share/campus_simulation/launch/cartographer_mapping.launch.py
[0.629s] -- Installing: /home/zzl/qirui/robot/carto_slam_ws/install/campus_simulation/share/campus_simulation/launch/gazebo_slope.launch.py
[0.629s] -- Installing: /home/zzl/qirui/robot/carto_slam_ws/install/campus_simulation/share/campus_simulation/launch/gazebo_street_park.launch.py
[0.629s] -- Installing: /home/zzl/qirui/robot/carto_slam_ws/install/campus_simulation/share/campus_simulation/launch/hybrid_navigation_rtabmap.launch.py
[0.629s] -- Installing: /home/zzl/qirui/robot/carto_slam_ws/install/campus_simulation/share/campus_simulation/launch/hybrid_mapping_street_park.launch.py
[0.630s] -- Installing: /home/zzl/qirui/robot/carto_slam_ws/install/campus_simulation/share/campus_simulation/launch/gazebo_advanced.launch.py
[0.630s] -- Installing: /home/zzl/qirui/robot/carto_slam_ws/install/campus_simulation/share/campus_simulation/launch/gazebo_campus.launch.py
[0.630s] -- Installing: /home/zzl/qirui/robot/carto_slam_ws/install/campus_simulation/share/campus_simulation/worlds
[0.630s] -- Installing: /home/zzl/qirui/robot/carto_slam_ws/install/campus_simulation/share/campus_simulation/worlds/enclosed_large.world
[0.630s] -- Installing: /home/zzl/qirui/robot/carto_slam_ws/install/campus_simulation/share/campus_simulation/worlds/campus.world
[0.630s] -- Installing: /home/zzl/qirui/robot/carto_slam_ws/install/campus_simulation/share/campus_simulation/worlds/slope.world
[0.630s] -- Installing: /home/zzl/qirui/robot/carto_slam_ws/install/campus_simulation/share/campus_simulation/worlds/street_park.world
[0.631s] -- Installing: /home/zzl/qirui/robot/carto_slam_ws/install/campus_simulation/share/campus_simulation/urdf
[0.631s] -- Installing: /home/zzl/qirui/robot/carto_slam_ws/install/campus_simulation/share/campus_simulation/urdf/advanced_robot.urdf.xacro
[0.631s] -- Installing: /home/zzl/qirui/robot/carto_slam_ws/install/campus_simulation/share/campus_simulation/urdf/robot.urdf.xacro
[0.631s] -- Installing: /home/zzl/qirui/robot/carto_slam_ws/install/campus_simulation/share/campus_simulation/config
[0.631s] -- Installing: /home/zzl/qirui/robot/carto_slam_ws/install/campus_simulation/share/campus_simulation/config/nav2_params.yaml
[0.631s] -- Installing: /home/zzl/qirui/robot/carto_slam_ws/install/campus_simulation/share/campus_simulation/config/cartographer_3d_2d.lua
[0.632s] -- Installing: /home/zzl/qirui/robot/carto_slam_ws/install/campus_simulation/share/ament_index/resource_index/package_run_dependencies/campus_simulation
[0.632s] -- Installing: /home/zzl/qirui/robot/carto_slam_ws/install/campus_simulation/share/ament_index/resource_index/parent_prefix_path/campus_simulation
[0.632s] -- Installing: /home/zzl/qirui/robot/carto_slam_ws/install/campus_simulation/share/campus_simulation/environment/ament_prefix_path.sh
[0.632s] -- Installing: /home/zzl/qirui/robot/carto_slam_ws/install/campus_simulation/share/campus_simulation/environment/ament_prefix_path.dsv
[0.632s] -- Installing: /home/zzl/qirui/robot/carto_slam_ws/install/campus_simulation/share/campus_simulation/environment/path.sh
[0.632s] -- Installing: /home/zzl/qirui/robot/carto_slam_ws/install/campus_simulation/share/campus_simulation/environment/path.dsv
[0.632s] -- Installing: /home/zzl/qirui/robot/carto_slam_ws/install/campus_simulation/share/campus_simulation/local_setup.bash
[0.632s] -- Installing: /home/zzl/qirui/robot/carto_slam_ws/install/campus_simulation/share/campus_simulation/local_setup.sh
[0.632s] -- Installing: /home/zzl/qirui/robot/carto_slam_ws/install/campus_simulation/share/campus_simulation/local_setup.zsh
[0.632s] -- Installing: /home/zzl/qirui/robot/carto_slam_ws/install/campus_simulation/share/campus_simulation/local_setup.dsv
[0.632s] -- Installing: /home/zzl/qirui/robot/carto_slam_ws/install/campus_simulation/share/campus_simulation/package.dsv
[0.632s] -- Installing: /home/zzl/qirui/robot/carto_slam_ws/install/campus_simulation/share/ament_index/resource_index/packages/campus_simulation
[0.633s] -- Installing: /home/zzl/qirui/robot/carto_slam_ws/install/campus_simulation/share/campus_simulation/cmake/campus_simulationConfig.cmake
[0.633s] -- Installing: /home/zzl/qirui/robot/carto_slam_ws/install/campus_simulation/share/campus_simulation/cmake/campus_simulationConfig-version.cmake
[0.633s] -- Installing: /home/zzl/qirui/robot/carto_slam_ws/install/campus_simulation/share/campus_simulation/package.xml
[0.634s] Invoked command in '/home/zzl/qirui/robot/carto_slam_ws/build/campus_simulation' returned '0': CMAKE_PREFIX_PATH=${CMAKE_PREFIX_PATH}:/home/zzl/carla_ws/install/rqt_carla_control:/home/zzl/carla_ws/install/carla_waypoint_publisher:/home/zzl/carla_ws/install/carla_ackermann_control:/home/zzl/carla_ws/install/carla_ros_bridge:/home/zzl/carla_ws/install/carla_spawn_objects:/home/zzl/carla_ws/install/carla_manual_control:/home/zzl/carla_ws/install/carla_ad_agent:/home/zzl/carla_ws/install/ros_compatibility:/home/zzl/carla_ws/install/carla_walker_agent:/home/zzl/carla_ws/install/carla_twist_to_control:/home/zzl/carla_ws/install/carla_ros_scenario_runner:/home/zzl/carla_ws/install/carla_common:/opt/ros/humble /usr/bin/cmake --install /home/zzl/qirui/robot/carto_slam_ws/build/campus_simulation
