[0.007s] Invoking command in '/home/zzl/qirui/robot/carto_slam_ws/build/pointcloud_to_laserscan': CMAKE_PREFIX_PATH=${CMAKE_PREFIX_PATH}:/home/zzl/carla_ws/install/rqt_carla_control:/home/zzl/carla_ws/install/carla_waypoint_publisher:/home/zzl/carla_ws/install/carla_ackermann_control:/home/zzl/carla_ws/install/carla_ros_bridge:/home/zzl/carla_ws/install/carla_spawn_objects:/home/zzl/carla_ws/install/carla_manual_control:/home/zzl/carla_ws/install/carla_ad_agent:/home/zzl/carla_ws/install/ros_compatibility:/home/zzl/carla_ws/install/carla_walker_agent:/home/zzl/carla_ws/install/carla_twist_to_control:/home/zzl/carla_ws/install/carla_ros_scenario_runner:/home/zzl/carla_ws/install/carla_common:/opt/ros/humble /usr/bin/cmake /home/zzl/qirui/robot/carto_slam_ws/src/pointcloud_to_laserscan -DCMAKE_INSTALL_PREFIX=/home/zzl/qirui/robot/carto_slam_ws/install/pointcloud_to_laserscan
[0.090s] -- The C compiler identification is GNU 11.4.0
[0.147s] -- The CXX compiler identification is GNU 11.4.0
[0.153s] -- Detecting C compiler ABI info
[0.201s] -- Detecting C compiler ABI info - done
[0.206s] -- Check for working C compiler: /usr/bin/cc - skipped
[0.207s] -- Detecting C compile features
[0.207s] -- Detecting C compile features - done
[0.209s] -- Detecting CXX compiler ABI info
[0.264s] -- Detecting CXX compiler ABI info - done
[0.268s] -- Check for working CXX compiler: /usr/bin/c++ - skipped
[0.269s] -- Detecting CXX compile features
[0.269s] -- Detecting CXX compile features - done
[0.272s] -- Found ament_cmake_auto: 1.3.14 (/opt/ros/humble/share/ament_cmake_auto/cmake)
[0.387s] -- Found Python3: /usr/bin/python3 (found version "3.10.12") found components: Interpreter 
[0.574s] -- Found rosidl_generator_c: 3.1.8 (/opt/ros/humble/share/rosidl_generator_c/cmake)
[0.580s] -- Found rosidl_adapter: 3.1.8 (/opt/ros/humble/share/rosidl_adapter/cmake)
[0.588s] -- Found rosidl_generator_cpp: 3.1.8 (/opt/ros/humble/share/rosidl_generator_cpp/cmake)
[0.598s] -- Using all available rosidl_typesupport_c: rosidl_typesupport_fastrtps_c;rosidl_typesupport_introspection_c
[0.614s] -- Using all available rosidl_typesupport_cpp: rosidl_typesupport_fastrtps_cpp;rosidl_typesupport_introspection_cpp
[0.654s] -- Found rmw_implementation_cmake: 6.1.2 (/opt/ros/humble/share/rmw_implementation_cmake/cmake)
[0.658s] -- Found rmw_fastrtps_cpp: 6.2.10 (/opt/ros/humble/share/rmw_fastrtps_cpp/cmake)
[0.734s] -- Found OpenSSL: /usr/lib/x86_64-linux-gnu/libcrypto.so (found version "3.0.2")  
[0.755s] -- Found FastRTPS: /opt/ros/humble/include  
[0.786s] -- Using RMW implementation 'rmw_fastrtps_cpp' as default
[0.796s] -- Looking for pthread.h
[0.851s] -- Looking for pthread.h - found
[0.851s] -- Performing Test CMAKE_HAVE_LIBC_PTHREAD
[0.904s] -- Performing Test CMAKE_HAVE_LIBC_PTHREAD - Success
[0.904s] -- Found Threads: TRUE  
[1.080s] -- Found ament_lint_auto: 0.12.15 (/opt/ros/humble/share/ament_lint_auto/cmake)
[1.096s] [0mIn this package, headers install destination is set to `include` by ament_auto_package. It is recommended to install `include/pointcloud_to_laserscan` instead and will be the default behavior of ament_auto_package from ROS 2 Kilted Kaiju. On distributions before Kilted, ament_auto_package behaves the same way when you use USE_SCOPED_HEADER_INSTALL_DIR option.[0m
[1.100s] -- Added test 'cppcheck' to perform static code analysis on C / C++ code
[1.100s] -- Configured cppcheck include dirs: /home/zzl/qirui/robot/carto_slam_ws/src/pointcloud_to_laserscan/include
[1.100s] -- Configured cppcheck exclude dirs and/or files: 
[1.101s] -- Added test 'cpplint' to check C / C++ code against the Google style
[1.101s] -- Configured cpplint exclude dirs and/or files: 
[1.102s] -- Added test 'flake8' to check Python code syntax and style conventions
[1.103s] -- Added test 'lint_cmake' to check CMake code style
[1.103s] -- Added test 'pep257' to check Python code against some of the docstring style conventions in PEP 257
[1.105s] -- Added test 'uncrustify' to check C / C++ code style
[1.105s] -- Configured uncrustify additional arguments: 
[1.105s] -- Added test 'xmllint' to check XML markup files
[1.108s] -- Configuring done
[1.131s] -- Generating done
[1.137s] -- Build files have been written to: /home/zzl/qirui/robot/carto_slam_ws/build/pointcloud_to_laserscan
[1.144s] Invoked command in '/home/zzl/qirui/robot/carto_slam_ws/build/pointcloud_to_laserscan' returned '0': CMAKE_PREFIX_PATH=${CMAKE_PREFIX_PATH}:/home/zzl/carla_ws/install/rqt_carla_control:/home/zzl/carla_ws/install/carla_waypoint_publisher:/home/zzl/carla_ws/install/carla_ackermann_control:/home/zzl/carla_ws/install/carla_ros_bridge:/home/zzl/carla_ws/install/carla_spawn_objects:/home/zzl/carla_ws/install/carla_manual_control:/home/zzl/carla_ws/install/carla_ad_agent:/home/zzl/carla_ws/install/ros_compatibility:/home/zzl/carla_ws/install/carla_walker_agent:/home/zzl/carla_ws/install/carla_twist_to_control:/home/zzl/carla_ws/install/carla_ros_scenario_runner:/home/zzl/carla_ws/install/carla_common:/opt/ros/humble /usr/bin/cmake /home/zzl/qirui/robot/carto_slam_ws/src/pointcloud_to_laserscan -DCMAKE_INSTALL_PREFIX=/home/zzl/qirui/robot/carto_slam_ws/install/pointcloud_to_laserscan
[1.145s] Invoking command in '/home/zzl/qirui/robot/carto_slam_ws/build/pointcloud_to_laserscan': CMAKE_PREFIX_PATH=${CMAKE_PREFIX_PATH}:/home/zzl/carla_ws/install/rqt_carla_control:/home/zzl/carla_ws/install/carla_waypoint_publisher:/home/zzl/carla_ws/install/carla_ackermann_control:/home/zzl/carla_ws/install/carla_ros_bridge:/home/zzl/carla_ws/install/carla_spawn_objects:/home/zzl/carla_ws/install/carla_manual_control:/home/zzl/carla_ws/install/carla_ad_agent:/home/zzl/carla_ws/install/ros_compatibility:/home/zzl/carla_ws/install/carla_walker_agent:/home/zzl/carla_ws/install/carla_twist_to_control:/home/zzl/carla_ws/install/carla_ros_scenario_runner:/home/zzl/carla_ws/install/carla_common:/opt/ros/humble /usr/bin/cmake --build /home/zzl/qirui/robot/carto_slam_ws/build/pointcloud_to_laserscan -- -j20 -l20
[1.179s] [ 10%] [32mBuilding CXX object CMakeFiles/pointcloud_to_laserscan_node.dir/rclcpp_components/node_main_pointcloud_to_laserscan_node.cpp.o[0m
[1.180s] [ 30%] [32mBuilding CXX object CMakeFiles/laserscan_to_pointcloud_node.dir/rclcpp_components/node_main_laserscan_to_pointcloud_node.cpp.o[0m
[1.180s] [ 30%] [32mBuilding CXX object CMakeFiles/laserscan_to_pointcloud.dir/src/laserscan_to_pointcloud_node.cpp.o[0m
[2.980s] [ 40%] [32m[1mLinking CXX executable laserscan_to_pointcloud_node[0m
[2.986s] [ 50%] [32m[1mLinking CXX executable pointcloud_to_laserscan_node[0m
[3.067s] [ 50%] Built target pointcloud_to_laserscan_node
[3.068s] [ 50%] Built target laserscan_to_pointcloud_node
[7.711s] [ 60%] [32m[1mLinking CXX shared library liblaserscan_to_pointcloud.so[0m
[8.048s] [ 60%] Built target laserscan_to_pointcloud
[8.062s] [ 70%] [32mBuilding CXX object CMakeFiles/pointcloud_to_laserscan.dir/src/pointcloud_to_laserscan_node.cpp.o[0m
[14.314s] [ 80%] [32m[1mLinking CXX shared library libpointcloud_to_laserscan.so[0m
[14.641s] [ 80%] Built target pointcloud_to_laserscan
[14.657s] [ 90%] [32mBuilding CXX object CMakeFiles/dummy_pointcloud_publisher.dir/src/dummy_pointcloud_publisher.cpp.o[0m
[16.862s] [100%] [32m[1mLinking CXX executable dummy_pointcloud_publisher[0m
[17.001s] [100%] Built target dummy_pointcloud_publisher
[17.011s] Invoked command in '/home/zzl/qirui/robot/carto_slam_ws/build/pointcloud_to_laserscan' returned '0': CMAKE_PREFIX_PATH=${CMAKE_PREFIX_PATH}:/home/zzl/carla_ws/install/rqt_carla_control:/home/zzl/carla_ws/install/carla_waypoint_publisher:/home/zzl/carla_ws/install/carla_ackermann_control:/home/zzl/carla_ws/install/carla_ros_bridge:/home/zzl/carla_ws/install/carla_spawn_objects:/home/zzl/carla_ws/install/carla_manual_control:/home/zzl/carla_ws/install/carla_ad_agent:/home/zzl/carla_ws/install/ros_compatibility:/home/zzl/carla_ws/install/carla_walker_agent:/home/zzl/carla_ws/install/carla_twist_to_control:/home/zzl/carla_ws/install/carla_ros_scenario_runner:/home/zzl/carla_ws/install/carla_common:/opt/ros/humble /usr/bin/cmake --build /home/zzl/qirui/robot/carto_slam_ws/build/pointcloud_to_laserscan -- -j20 -l20
[17.012s] Invoking command in '/home/zzl/qirui/robot/carto_slam_ws/build/pointcloud_to_laserscan': CMAKE_PREFIX_PATH=${CMAKE_PREFIX_PATH}:/home/zzl/carla_ws/install/rqt_carla_control:/home/zzl/carla_ws/install/carla_waypoint_publisher:/home/zzl/carla_ws/install/carla_ackermann_control:/home/zzl/carla_ws/install/carla_ros_bridge:/home/zzl/carla_ws/install/carla_spawn_objects:/home/zzl/carla_ws/install/carla_manual_control:/home/zzl/carla_ws/install/carla_ad_agent:/home/zzl/carla_ws/install/ros_compatibility:/home/zzl/carla_ws/install/carla_walker_agent:/home/zzl/carla_ws/install/carla_twist_to_control:/home/zzl/carla_ws/install/carla_ros_scenario_runner:/home/zzl/carla_ws/install/carla_common:/opt/ros/humble /usr/bin/cmake --install /home/zzl/qirui/robot/carto_slam_ws/build/pointcloud_to_laserscan
[17.019s] -- Install configuration: ""
[17.019s] -- Installing: /home/zzl/qirui/robot/carto_slam_ws/install/pointcloud_to_laserscan/lib/pointcloud_to_laserscan/laserscan_to_pointcloud_node
[17.019s] -- Set runtime path of "/home/zzl/qirui/robot/carto_slam_ws/install/pointcloud_to_laserscan/lib/pointcloud_to_laserscan/laserscan_to_pointcloud_node" to ""
[17.019s] -- Installing: /home/zzl/qirui/robot/carto_slam_ws/install/pointcloud_to_laserscan/lib/pointcloud_to_laserscan/pointcloud_to_laserscan_node
[17.020s] -- Set runtime path of "/home/zzl/qirui/robot/carto_slam_ws/install/pointcloud_to_laserscan/lib/pointcloud_to_laserscan/pointcloud_to_laserscan_node" to ""
[17.020s] -- Installing: /home/zzl/qirui/robot/carto_slam_ws/install/pointcloud_to_laserscan/include
[17.020s] -- Installing: /home/zzl/qirui/robot/carto_slam_ws/install/pointcloud_to_laserscan/include/pointcloud_to_laserscan
[17.020s] -- Installing: /home/zzl/qirui/robot/carto_slam_ws/install/pointcloud_to_laserscan/include/pointcloud_to_laserscan/laserscan_to_pointcloud_node.hpp
[17.020s] -- Installing: /home/zzl/qirui/robot/carto_slam_ws/install/pointcloud_to_laserscan/include/pointcloud_to_laserscan/pointcloud_to_laserscan_node.hpp
[17.020s] -- Installing: /home/zzl/qirui/robot/carto_slam_ws/install/pointcloud_to_laserscan/include/pointcloud_to_laserscan/visibility_control.h
[17.020s] -- Installing: /home/zzl/qirui/robot/carto_slam_ws/install/pointcloud_to_laserscan/share/pointcloud_to_laserscan/environment/library_path.sh
[17.020s] -- Installing: /home/zzl/qirui/robot/carto_slam_ws/install/pointcloud_to_laserscan/share/pointcloud_to_laserscan/environment/library_path.dsv
[17.020s] -- Installing: /home/zzl/qirui/robot/carto_slam_ws/install/pointcloud_to_laserscan/lib/liblaserscan_to_pointcloud.so
[17.024s] -- Set runtime path of "/home/zzl/qirui/robot/carto_slam_ws/install/pointcloud_to_laserscan/lib/liblaserscan_to_pointcloud.so" to ""
[17.024s] -- Installing: /home/zzl/qirui/robot/carto_slam_ws/install/pointcloud_to_laserscan/lib/libpointcloud_to_laserscan.so
[17.027s] -- Set runtime path of "/home/zzl/qirui/robot/carto_slam_ws/install/pointcloud_to_laserscan/lib/libpointcloud_to_laserscan.so" to ""
[17.027s] -- Installing: /home/zzl/qirui/robot/carto_slam_ws/install/pointcloud_to_laserscan/lib/pointcloud_to_laserscan/dummy_pointcloud_publisher
[17.028s] -- Set runtime path of "/home/zzl/qirui/robot/carto_slam_ws/install/pointcloud_to_laserscan/lib/pointcloud_to_laserscan/dummy_pointcloud_publisher" to ""
[17.028s] -- Installing: /home/zzl/qirui/robot/carto_slam_ws/install/pointcloud_to_laserscan/share/pointcloud_to_laserscan/launch
[17.028s] -- Installing: /home/zzl/qirui/robot/carto_slam_ws/install/pointcloud_to_laserscan/share/pointcloud_to_laserscan/launch/sample_laserscan_to_pointcloud_launch.py
[17.028s] -- Installing: /home/zzl/qirui/robot/carto_slam_ws/install/pointcloud_to_laserscan/share/pointcloud_to_laserscan/launch/sample_pointcloud_to_laserscan_launch.py
[17.029s] -- Installing: /home/zzl/qirui/robot/carto_slam_ws/install/pointcloud_to_laserscan/share/ament_index/resource_index/package_run_dependencies/pointcloud_to_laserscan
[17.029s] -- Installing: /home/zzl/qirui/robot/carto_slam_ws/install/pointcloud_to_laserscan/share/ament_index/resource_index/parent_prefix_path/pointcloud_to_laserscan
[17.029s] -- Installing: /home/zzl/qirui/robot/carto_slam_ws/install/pointcloud_to_laserscan/share/pointcloud_to_laserscan/environment/ament_prefix_path.sh
[17.029s] -- Installing: /home/zzl/qirui/robot/carto_slam_ws/install/pointcloud_to_laserscan/share/pointcloud_to_laserscan/environment/ament_prefix_path.dsv
[17.029s] -- Installing: /home/zzl/qirui/robot/carto_slam_ws/install/pointcloud_to_laserscan/share/pointcloud_to_laserscan/environment/path.sh
[17.029s] -- Installing: /home/zzl/qirui/robot/carto_slam_ws/install/pointcloud_to_laserscan/share/pointcloud_to_laserscan/environment/path.dsv
[17.029s] -- Installing: /home/zzl/qirui/robot/carto_slam_ws/install/pointcloud_to_laserscan/share/pointcloud_to_laserscan/local_setup.bash
[17.029s] -- Installing: /home/zzl/qirui/robot/carto_slam_ws/install/pointcloud_to_laserscan/share/pointcloud_to_laserscan/local_setup.sh
[17.029s] -- Installing: /home/zzl/qirui/robot/carto_slam_ws/install/pointcloud_to_laserscan/share/pointcloud_to_laserscan/local_setup.zsh
[17.029s] -- Installing: /home/zzl/qirui/robot/carto_slam_ws/install/pointcloud_to_laserscan/share/pointcloud_to_laserscan/local_setup.dsv
[17.029s] -- Installing: /home/zzl/qirui/robot/carto_slam_ws/install/pointcloud_to_laserscan/share/pointcloud_to_laserscan/package.dsv
[17.029s] -- Installing: /home/zzl/qirui/robot/carto_slam_ws/install/pointcloud_to_laserscan/share/ament_index/resource_index/packages/pointcloud_to_laserscan
[17.029s] -- Installing: /home/zzl/qirui/robot/carto_slam_ws/install/pointcloud_to_laserscan/share/ament_index/resource_index/rclcpp_components/pointcloud_to_laserscan
[17.030s] -- Installing: /home/zzl/qirui/robot/carto_slam_ws/install/pointcloud_to_laserscan/share/pointcloud_to_laserscan/cmake/ament_cmake_export_dependencies-extras.cmake
[17.030s] -- Installing: /home/zzl/qirui/robot/carto_slam_ws/install/pointcloud_to_laserscan/share/pointcloud_to_laserscan/cmake/ament_cmake_export_include_directories-extras.cmake
[17.030s] -- Installing: /home/zzl/qirui/robot/carto_slam_ws/install/pointcloud_to_laserscan/share/pointcloud_to_laserscan/cmake/ament_cmake_export_libraries-extras.cmake
[17.030s] -- Installing: /home/zzl/qirui/robot/carto_slam_ws/install/pointcloud_to_laserscan/share/pointcloud_to_laserscan/cmake/pointcloud_to_laserscanConfig.cmake
[17.030s] -- Installing: /home/zzl/qirui/robot/carto_slam_ws/install/pointcloud_to_laserscan/share/pointcloud_to_laserscan/cmake/pointcloud_to_laserscanConfig-version.cmake
[17.030s] -- Installing: /home/zzl/qirui/robot/carto_slam_ws/install/pointcloud_to_laserscan/share/pointcloud_to_laserscan/package.xml
[17.031s] Invoked command in '/home/zzl/qirui/robot/carto_slam_ws/build/pointcloud_to_laserscan' returned '0': CMAKE_PREFIX_PATH=${CMAKE_PREFIX_PATH}:/home/zzl/carla_ws/install/rqt_carla_control:/home/zzl/carla_ws/install/carla_waypoint_publisher:/home/zzl/carla_ws/install/carla_ackermann_control:/home/zzl/carla_ws/install/carla_ros_bridge:/home/zzl/carla_ws/install/carla_spawn_objects:/home/zzl/carla_ws/install/carla_manual_control:/home/zzl/carla_ws/install/carla_ad_agent:/home/zzl/carla_ws/install/ros_compatibility:/home/zzl/carla_ws/install/carla_walker_agent:/home/zzl/carla_ws/install/carla_twist_to_control:/home/zzl/carla_ws/install/carla_ros_scenario_runner:/home/zzl/carla_ws/install/carla_common:/opt/ros/humble /usr/bin/cmake --install /home/zzl/qirui/robot/carto_slam_ws/build/pointcloud_to_laserscan
