[0.007s] Invoking command in '/home/zzl/qirui/robot/carto_slam_ws/build/pointcloud_to_laserscan': CMAKE_PREFIX_PATH=${CMAKE_PREFIX_PATH}:/home/zzl/carla_ws/install/rqt_carla_control:/home/zzl/carla_ws/install/carla_waypoint_publisher:/home/zzl/carla_ws/install/carla_ackermann_control:/home/zzl/carla_ws/install/carla_ros_bridge:/home/zzl/carla_ws/install/carla_spawn_objects:/home/zzl/carla_ws/install/carla_manual_control:/home/zzl/carla_ws/install/carla_ad_agent:/home/zzl/carla_ws/install/ros_compatibility:/home/zzl/carla_ws/install/carla_walker_agent:/home/zzl/carla_ws/install/carla_twist_to_control:/home/zzl/carla_ws/install/carla_ros_scenario_runner:/home/zzl/carla_ws/install/carla_common:/opt/ros/humble /usr/bin/cmake --build /home/zzl/qirui/robot/carto_slam_ws/build/pointcloud_to_laserscan -- -j20 -l20
[0.049s] [ 20%] Built target pointcloud_to_laserscan_node
[0.050s] [ 40%] Built target laserscan_to_pointcloud_node
[0.050s] [ 60%] Built target laserscan_to_pointcloud
[0.072s] [ 80%] Built target pointcloud_to_laserscan
[0.092s] [100%] Built target dummy_pointcloud_publisher
[0.100s] Invoked command in '/home/zzl/qirui/robot/carto_slam_ws/build/pointcloud_to_laserscan' returned '0': CMAKE_PREFIX_PATH=${CMAKE_PREFIX_PATH}:/home/zzl/carla_ws/install/rqt_carla_control:/home/zzl/carla_ws/install/carla_waypoint_publisher:/home/zzl/carla_ws/install/carla_ackermann_control:/home/zzl/carla_ws/install/carla_ros_bridge:/home/zzl/carla_ws/install/carla_spawn_objects:/home/zzl/carla_ws/install/carla_manual_control:/home/zzl/carla_ws/install/carla_ad_agent:/home/zzl/carla_ws/install/ros_compatibility:/home/zzl/carla_ws/install/carla_walker_agent:/home/zzl/carla_ws/install/carla_twist_to_control:/home/zzl/carla_ws/install/carla_ros_scenario_runner:/home/zzl/carla_ws/install/carla_common:/opt/ros/humble /usr/bin/cmake --build /home/zzl/qirui/robot/carto_slam_ws/build/pointcloud_to_laserscan -- -j20 -l20
[0.100s] Invoking command in '/home/zzl/qirui/robot/carto_slam_ws/build/pointcloud_to_laserscan': CMAKE_PREFIX_PATH=${CMAKE_PREFIX_PATH}:/home/zzl/carla_ws/install/rqt_carla_control:/home/zzl/carla_ws/install/carla_waypoint_publisher:/home/zzl/carla_ws/install/carla_ackermann_control:/home/zzl/carla_ws/install/carla_ros_bridge:/home/zzl/carla_ws/install/carla_spawn_objects:/home/zzl/carla_ws/install/carla_manual_control:/home/zzl/carla_ws/install/carla_ad_agent:/home/zzl/carla_ws/install/ros_compatibility:/home/zzl/carla_ws/install/carla_walker_agent:/home/zzl/carla_ws/install/carla_twist_to_control:/home/zzl/carla_ws/install/carla_ros_scenario_runner:/home/zzl/carla_ws/install/carla_common:/opt/ros/humble /usr/bin/cmake --install /home/zzl/qirui/robot/carto_slam_ws/build/pointcloud_to_laserscan
[0.105s] -- Install configuration: ""
[0.105s] -- Up-to-date: /home/zzl/qirui/robot/carto_slam_ws/install/pointcloud_to_laserscan/lib/pointcloud_to_laserscan/laserscan_to_pointcloud_node
[0.105s] -- Up-to-date: /home/zzl/qirui/robot/carto_slam_ws/install/pointcloud_to_laserscan/lib/pointcloud_to_laserscan/pointcloud_to_laserscan_node
[0.105s] -- Up-to-date: /home/zzl/qirui/robot/carto_slam_ws/install/pointcloud_to_laserscan/include
[0.105s] -- Up-to-date: /home/zzl/qirui/robot/carto_slam_ws/install/pointcloud_to_laserscan/include/pointcloud_to_laserscan
[0.105s] -- Up-to-date: /home/zzl/qirui/robot/carto_slam_ws/install/pointcloud_to_laserscan/include/pointcloud_to_laserscan/laserscan_to_pointcloud_node.hpp
[0.105s] -- Up-to-date: /home/zzl/qirui/robot/carto_slam_ws/install/pointcloud_to_laserscan/include/pointcloud_to_laserscan/pointcloud_to_laserscan_node.hpp
[0.105s] -- Up-to-date: /home/zzl/qirui/robot/carto_slam_ws/install/pointcloud_to_laserscan/include/pointcloud_to_laserscan/visibility_control.h
[0.105s] -- Up-to-date: /home/zzl/qirui/robot/carto_slam_ws/install/pointcloud_to_laserscan/share/pointcloud_to_laserscan/environment/library_path.sh
[0.105s] -- Up-to-date: /home/zzl/qirui/robot/carto_slam_ws/install/pointcloud_to_laserscan/share/pointcloud_to_laserscan/environment/library_path.dsv
[0.105s] -- Up-to-date: /home/zzl/qirui/robot/carto_slam_ws/install/pointcloud_to_laserscan/lib/liblaserscan_to_pointcloud.so
[0.105s] -- Up-to-date: /home/zzl/qirui/robot/carto_slam_ws/install/pointcloud_to_laserscan/lib/libpointcloud_to_laserscan.so
[0.105s] -- Up-to-date: /home/zzl/qirui/robot/carto_slam_ws/install/pointcloud_to_laserscan/lib/pointcloud_to_laserscan/dummy_pointcloud_publisher
[0.106s] -- Up-to-date: /home/zzl/qirui/robot/carto_slam_ws/install/pointcloud_to_laserscan/share/pointcloud_to_laserscan/launch
[0.106s] -- Up-to-date: /home/zzl/qirui/robot/carto_slam_ws/install/pointcloud_to_laserscan/share/pointcloud_to_laserscan/launch/sample_laserscan_to_pointcloud_launch.py
[0.106s] -- Up-to-date: /home/zzl/qirui/robot/carto_slam_ws/install/pointcloud_to_laserscan/share/pointcloud_to_laserscan/launch/sample_pointcloud_to_laserscan_launch.py
[0.106s] -- Up-to-date: /home/zzl/qirui/robot/carto_slam_ws/install/pointcloud_to_laserscan/share/ament_index/resource_index/package_run_dependencies/pointcloud_to_laserscan
[0.106s] -- Up-to-date: /home/zzl/qirui/robot/carto_slam_ws/install/pointcloud_to_laserscan/share/ament_index/resource_index/parent_prefix_path/pointcloud_to_laserscan
[0.106s] -- Up-to-date: /home/zzl/qirui/robot/carto_slam_ws/install/pointcloud_to_laserscan/share/pointcloud_to_laserscan/environment/ament_prefix_path.sh
[0.106s] -- Up-to-date: /home/zzl/qirui/robot/carto_slam_ws/install/pointcloud_to_laserscan/share/pointcloud_to_laserscan/environment/ament_prefix_path.dsv
[0.106s] -- Up-to-date: /home/zzl/qirui/robot/carto_slam_ws/install/pointcloud_to_laserscan/share/pointcloud_to_laserscan/environment/path.sh
[0.106s] -- Up-to-date: /home/zzl/qirui/robot/carto_slam_ws/install/pointcloud_to_laserscan/share/pointcloud_to_laserscan/environment/path.dsv
[0.106s] -- Up-to-date: /home/zzl/qirui/robot/carto_slam_ws/install/pointcloud_to_laserscan/share/pointcloud_to_laserscan/local_setup.bash
[0.106s] -- Up-to-date: /home/zzl/qirui/robot/carto_slam_ws/install/pointcloud_to_laserscan/share/pointcloud_to_laserscan/local_setup.sh
[0.106s] -- Up-to-date: /home/zzl/qirui/robot/carto_slam_ws/install/pointcloud_to_laserscan/share/pointcloud_to_laserscan/local_setup.zsh
[0.106s] -- Up-to-date: /home/zzl/qirui/robot/carto_slam_ws/install/pointcloud_to_laserscan/share/pointcloud_to_laserscan/local_setup.dsv
[0.106s] -- Installing: /home/zzl/qirui/robot/carto_slam_ws/install/pointcloud_to_laserscan/share/pointcloud_to_laserscan/package.dsv
[0.106s] -- Up-to-date: /home/zzl/qirui/robot/carto_slam_ws/install/pointcloud_to_laserscan/share/ament_index/resource_index/packages/pointcloud_to_laserscan
[0.106s] -- Up-to-date: /home/zzl/qirui/robot/carto_slam_ws/install/pointcloud_to_laserscan/share/ament_index/resource_index/rclcpp_components/pointcloud_to_laserscan
[0.106s] -- Up-to-date: /home/zzl/qirui/robot/carto_slam_ws/install/pointcloud_to_laserscan/share/pointcloud_to_laserscan/cmake/ament_cmake_export_dependencies-extras.cmake
[0.106s] -- Up-to-date: /home/zzl/qirui/robot/carto_slam_ws/install/pointcloud_to_laserscan/share/pointcloud_to_laserscan/cmake/ament_cmake_export_include_directories-extras.cmake
[0.106s] -- Up-to-date: /home/zzl/qirui/robot/carto_slam_ws/install/pointcloud_to_laserscan/share/pointcloud_to_laserscan/cmake/ament_cmake_export_libraries-extras.cmake
[0.106s] -- Up-to-date: /home/zzl/qirui/robot/carto_slam_ws/install/pointcloud_to_laserscan/share/pointcloud_to_laserscan/cmake/pointcloud_to_laserscanConfig.cmake
[0.106s] -- Up-to-date: /home/zzl/qirui/robot/carto_slam_ws/install/pointcloud_to_laserscan/share/pointcloud_to_laserscan/cmake/pointcloud_to_laserscanConfig-version.cmake
[0.106s] -- Up-to-date: /home/zzl/qirui/robot/carto_slam_ws/install/pointcloud_to_laserscan/share/pointcloud_to_laserscan/package.xml
[0.108s] Invoked command in '/home/zzl/qirui/robot/carto_slam_ws/build/pointcloud_to_laserscan' returned '0': CMAKE_PREFIX_PATH=${CMAKE_PREFIX_PATH}:/home/zzl/carla_ws/install/rqt_carla_control:/home/zzl/carla_ws/install/carla_waypoint_publisher:/home/zzl/carla_ws/install/carla_ackermann_control:/home/zzl/carla_ws/install/carla_ros_bridge:/home/zzl/carla_ws/install/carla_spawn_objects:/home/zzl/carla_ws/install/carla_manual_control:/home/zzl/carla_ws/install/carla_ad_agent:/home/zzl/carla_ws/install/ros_compatibility:/home/zzl/carla_ws/install/carla_walker_agent:/home/zzl/carla_ws/install/carla_twist_to_control:/home/zzl/carla_ws/install/carla_ros_scenario_runner:/home/zzl/carla_ws/install/carla_common:/opt/ros/humble /usr/bin/cmake --install /home/zzl/qirui/robot/carto_slam_ws/build/pointcloud_to_laserscan
