[0.008s] Invoking command in '/home/zzl/qirui/robot/carto_slam_ws/build/campus_simulation': CMAKE_PREFIX_PATH=${CMAKE_PREFIX_PATH}:/home/zzl/carla_ws/install/rqt_carla_control:/home/zzl/carla_ws/install/carla_waypoint_publisher:/home/zzl/carla_ws/install/carla_ackermann_control:/home/zzl/carla_ws/install/carla_ros_bridge:/home/zzl/carla_ws/install/carla_spawn_objects:/home/zzl/carla_ws/install/carla_manual_control:/home/zzl/carla_ws/install/carla_ad_agent:/home/zzl/carla_ws/install/ros_compatibility:/home/zzl/carla_ws/install/carla_walker_agent:/home/zzl/carla_ws/install/carla_twist_to_control:/home/zzl/carla_ws/install/carla_ros_scenario_runner:/home/zzl/carla_ws/install/carla_common:/opt/ros/humble CONDA_PROMPT_MODIFIER=(base) /usr/bin/cmake --build /home/zzl/qirui/robot/carto_slam_ws/build/campus_simulation -- -j20 -l20
[0.036s] Invoked command in '/home/zzl/qirui/robot/carto_slam_ws/build/campus_simulation' returned '0': CMAKE_PREFIX_PATH=${CMAKE_PREFIX_PATH}:/home/zzl/carla_ws/install/rqt_carla_control:/home/zzl/carla_ws/install/carla_waypoint_publisher:/home/zzl/carla_ws/install/carla_ackermann_control:/home/zzl/carla_ws/install/carla_ros_bridge:/home/zzl/carla_ws/install/carla_spawn_objects:/home/zzl/carla_ws/install/carla_manual_control:/home/zzl/carla_ws/install/carla_ad_agent:/home/zzl/carla_ws/install/ros_compatibility:/home/zzl/carla_ws/install/carla_walker_agent:/home/zzl/carla_ws/install/carla_twist_to_control:/home/zzl/carla_ws/install/carla_ros_scenario_runner:/home/zzl/carla_ws/install/carla_common:/opt/ros/humble CONDA_PROMPT_MODIFIER=(base) /usr/bin/cmake --build /home/zzl/qirui/robot/carto_slam_ws/build/campus_simulation -- -j20 -l20
[0.044s] Invoking command in '/home/zzl/qirui/robot/carto_slam_ws/build/campus_simulation': CMAKE_PREFIX_PATH=${CMAKE_PREFIX_PATH}:/home/zzl/carla_ws/install/rqt_carla_control:/home/zzl/carla_ws/install/carla_waypoint_publisher:/home/zzl/carla_ws/install/carla_ackermann_control:/home/zzl/carla_ws/install/carla_ros_bridge:/home/zzl/carla_ws/install/carla_spawn_objects:/home/zzl/carla_ws/install/carla_manual_control:/home/zzl/carla_ws/install/carla_ad_agent:/home/zzl/carla_ws/install/ros_compatibility:/home/zzl/carla_ws/install/carla_walker_agent:/home/zzl/carla_ws/install/carla_twist_to_control:/home/zzl/carla_ws/install/carla_ros_scenario_runner:/home/zzl/carla_ws/install/carla_common:/opt/ros/humble CONDA_PROMPT_MODIFIER=(base) /usr/bin/cmake --install /home/zzl/qirui/robot/carto_slam_ws/build/campus_simulation
[0.050s] -- Install configuration: ""
[0.050s] -- Up-to-date: /home/zzl/qirui/robot/carto_slam_ws/install/campus_simulation/share/campus_simulation/launch
[0.050s] -- Up-to-date: /home/zzl/qirui/robot/carto_slam_ws/install/campus_simulation/share/campus_simulation/launch/hybrid_mapping.launch.py
[0.050s] -- Up-to-date: /home/zzl/qirui/robot/carto_slam_ws/install/campus_simulation/share/campus_simulation/launch/hybrid_mapping_3d.launch.py
[0.050s] -- Up-to-date: /home/zzl/qirui/robot/carto_slam_ws/install/campus_simulation/share/campus_simulation/launch/hybrid_navigation.launch.py
[0.050s] -- Up-to-date: /home/zzl/qirui/robot/carto_slam_ws/install/campus_simulation/share/campus_simulation/launch/cartographer_mapping.launch.py
[0.050s] -- Up-to-date: /home/zzl/qirui/robot/carto_slam_ws/install/campus_simulation/share/campus_simulation/launch/gazebo_slope.launch.py
[0.050s] -- Up-to-date: /home/zzl/qirui/robot/carto_slam_ws/install/campus_simulation/share/campus_simulation/launch/gazebo_street_park.launch.py
[0.050s] -- Up-to-date: /home/zzl/qirui/robot/carto_slam_ws/install/campus_simulation/share/campus_simulation/launch/hybrid_navigation_rtabmap.launch.py
[0.050s] -- Installing: /home/zzl/qirui/robot/carto_slam_ws/install/campus_simulation/share/campus_simulation/launch/cartographer_navigation.launch.py
[0.051s] -- Up-to-date: /home/zzl/qirui/robot/carto_slam_ws/install/campus_simulation/share/campus_simulation/launch/hybrid_mapping_street_park.launch.py
[0.051s] -- Up-to-date: /home/zzl/qirui/robot/carto_slam_ws/install/campus_simulation/share/campus_simulation/launch/gazebo_advanced.launch.py
[0.051s] -- Up-to-date: /home/zzl/qirui/robot/carto_slam_ws/install/campus_simulation/share/campus_simulation/launch/gazebo_campus.launch.py
[0.051s] -- Up-to-date: /home/zzl/qirui/robot/carto_slam_ws/install/campus_simulation/share/campus_simulation/worlds
[0.051s] -- Up-to-date: /home/zzl/qirui/robot/carto_slam_ws/install/campus_simulation/share/campus_simulation/worlds/enclosed_large.world
[0.051s] -- Up-to-date: /home/zzl/qirui/robot/carto_slam_ws/install/campus_simulation/share/campus_simulation/worlds/campus.world
[0.051s] -- Up-to-date: /home/zzl/qirui/robot/carto_slam_ws/install/campus_simulation/share/campus_simulation/worlds/slope.world
[0.051s] -- Up-to-date: /home/zzl/qirui/robot/carto_slam_ws/install/campus_simulation/share/campus_simulation/worlds/street_park.world
[0.051s] -- Up-to-date: /home/zzl/qirui/robot/carto_slam_ws/install/campus_simulation/share/campus_simulation/urdf
[0.051s] -- Up-to-date: /home/zzl/qirui/robot/carto_slam_ws/install/campus_simulation/share/campus_simulation/urdf/advanced_robot.urdf.xacro
[0.051s] -- Up-to-date: /home/zzl/qirui/robot/carto_slam_ws/install/campus_simulation/share/campus_simulation/urdf/robot.urdf.xacro
[0.051s] -- Up-to-date: /home/zzl/qirui/robot/carto_slam_ws/install/campus_simulation/share/campus_simulation/config
[0.052s] -- Up-to-date: /home/zzl/qirui/robot/carto_slam_ws/install/campus_simulation/share/campus_simulation/config/nav2_params.yaml
[0.052s] -- Up-to-date: /home/zzl/qirui/robot/carto_slam_ws/install/campus_simulation/share/campus_simulation/config/cartographer_3d_2d.lua
[0.052s] -- Up-to-date: /home/zzl/qirui/robot/carto_slam_ws/install/campus_simulation/share/ament_index/resource_index/package_run_dependencies/campus_simulation
[0.052s] -- Up-to-date: /home/zzl/qirui/robot/carto_slam_ws/install/campus_simulation/share/ament_index/resource_index/parent_prefix_path/campus_simulation
[0.052s] -- Up-to-date: /home/zzl/qirui/robot/carto_slam_ws/install/campus_simulation/share/campus_simulation/environment/ament_prefix_path.sh
[0.052s] -- Up-to-date: /home/zzl/qirui/robot/carto_slam_ws/install/campus_simulation/share/campus_simulation/environment/ament_prefix_path.dsv
[0.052s] -- Up-to-date: /home/zzl/qirui/robot/carto_slam_ws/install/campus_simulation/share/campus_simulation/environment/path.sh
[0.052s] -- Up-to-date: /home/zzl/qirui/robot/carto_slam_ws/install/campus_simulation/share/campus_simulation/environment/path.dsv
[0.052s] -- Up-to-date: /home/zzl/qirui/robot/carto_slam_ws/install/campus_simulation/share/campus_simulation/local_setup.bash
[0.052s] -- Up-to-date: /home/zzl/qirui/robot/carto_slam_ws/install/campus_simulation/share/campus_simulation/local_setup.sh
[0.052s] -- Up-to-date: /home/zzl/qirui/robot/carto_slam_ws/install/campus_simulation/share/campus_simulation/local_setup.zsh
[0.053s] -- Up-to-date: /home/zzl/qirui/robot/carto_slam_ws/install/campus_simulation/share/campus_simulation/local_setup.dsv
[0.053s] -- Installing: /home/zzl/qirui/robot/carto_slam_ws/install/campus_simulation/share/campus_simulation/package.dsv
[0.053s] -- Up-to-date: /home/zzl/qirui/robot/carto_slam_ws/install/campus_simulation/share/ament_index/resource_index/packages/campus_simulation
[0.053s] -- Up-to-date: /home/zzl/qirui/robot/carto_slam_ws/install/campus_simulation/share/campus_simulation/cmake/campus_simulationConfig.cmake
[0.053s] -- Up-to-date: /home/zzl/qirui/robot/carto_slam_ws/install/campus_simulation/share/campus_simulation/cmake/campus_simulationConfig-version.cmake
[0.053s] -- Up-to-date: /home/zzl/qirui/robot/carto_slam_ws/install/campus_simulation/share/campus_simulation/package.xml
[0.053s] Invoked command in '/home/zzl/qirui/robot/carto_slam_ws/build/campus_simulation' returned '0': CMAKE_PREFIX_PATH=${CMAKE_PREFIX_PATH}:/home/zzl/carla_ws/install/rqt_carla_control:/home/zzl/carla_ws/install/carla_waypoint_publisher:/home/zzl/carla_ws/install/carla_ackermann_control:/home/zzl/carla_ws/install/carla_ros_bridge:/home/zzl/carla_ws/install/carla_spawn_objects:/home/zzl/carla_ws/install/carla_manual_control:/home/zzl/carla_ws/install/carla_ad_agent:/home/zzl/carla_ws/install/ros_compatibility:/home/zzl/carla_ws/install/carla_walker_agent:/home/zzl/carla_ws/install/carla_twist_to_control:/home/zzl/carla_ws/install/carla_ros_scenario_runner:/home/zzl/carla_ws/install/carla_common:/opt/ros/humble CONDA_PROMPT_MODIFIER=(base) /usr/bin/cmake --install /home/zzl/qirui/robot/carto_slam_ws/build/campus_simulation
